ets Jul 29 2019 12:21:46

rst:0x1 (POWERON_RESET),boot:0x13 (SPI_FAST_FLASH_BOOT)
configsip: 0, SPIWP:0xee
clk_drv:0x00,q_drv:0x00,d_drv:0x00,cs0_drv:0x00,hd_drv:0x00,wp_drv:0x00
mode:DIO, clock div:2
load:0x3fff0030,len:7080
load:0x40078000,len:15584
load:0x40080400,len:4
ho 8 tail 4 room 4
load:0x40080404,len:3876
entry 0x4008064c
[0;32mI (31) boot: ESP-IDF v5.1.1 2nd stage bootloader[0m
[0;32mI (31) boot: compile time Aug 30 2023 21:06:46[0m
[0;32mI (31) boot: Multicore bootloader[0m
[0;32mI (35) boot: chip revision: v3.0[0m
[0;32mI (39) boot.esp32: SPI Speed      : 40MHz[0m
[0;32mI (44) boot.esp32: SPI Mode       : DIO[0m
[0;32mI (48) boot.esp32: SPI Flash Size : 4MB[0m
[0;32mI (53) boot: Enabling RNG early entropy source...[0m
[0;32mI (58) boot: Partition Table:[0m
[0;32mI (62) boot: ## Label            Usage          Type ST Offset   Length[0m
[0;32mI (69) boot:  0 esp_secure_cert  unknown          3f 06 0000d000 00002000[0m
[0;32mI (77) boot:  1 nvs              WiFi data        01 02 00010000 0000c000[0m
[0;32mI (84) boot:  2 nvs_keys         NVS keys         01 04 0001c000 00001000[0m
[0;32mI (92) boot:  3 otadata          OTA data         01 00 0001d000 00002000[0m
[0;32mI (99) boot:  4 phy_init         RF data          01 01 0001f000 00001000[0m
[0;32mI (106) boot:  5 ota_0            OTA app          00 10 00020000 001e0000[0m
[0;32mI (114) boot:  6 ota_1            OTA app          00 11 00200000 001e0000[0m
[0;32mI (122) boot:  7 fctry            WiFi data        01 02 003e0000 00006000[0m
[0;32mI (129) boot: End of partition table[0m
[0;32mI (133) boot: No factory image, trying OTA 0[0m
[0;32mI (138) esp_image: segment 0: paddr=00020020 vaddr=3f400020 size=392a0h (234144) map[0m
[0;32mI (195) esp_image: segment 1: paddr=000592c8 vaddr=3ff80000 size=00004h (     4) load[0m
[0;32mI (195) esp_image: segment 2: paddr=000592d4 vaddr=3ffbdb60 size=056f4h ( 22260) load[0m
[0;32mI (206) esp_image: segment 3: paddr=0005e9d0 vaddr=40080000 size=01648h (  5704) load[0m
[0;32mI (211) esp_image: segment 4: paddr=00060020 vaddr=400d0020 size=fcf8ch (1036172) map[0m
[0;32mI (431) esp_image: segment 5: paddr=0015cfb4 vaddr=40081648 size=1d850h (120912) load[0m
[0;32mI (479) boot: Loaded app from partition at offset 0x20000[0m
[0;32mI (527) boot: Set actual ota_seq=1 in otadata[0][0m
[0;32mI (527) boot: Disabling RNG early entropy source...[0m
[0;32mI (538) cpu_start: Multicore app[0m
[0;32mI (539) cpu_start: Pro cpu up.[0m
[0;32mI (539) cpu_start: Starting app cpu, entry point is 0x400814a4[0m
[0;32mI (0) cpu_start: App cpu up.[0m
[0;32mI (559) cpu_start: Pro cpu start user code[0m
[0;32mI (559) cpu_start: cpu freq: 160000000 Hz[0m
[0;32mI (559) cpu_start: Application information:[0m
[0;32mI (563) cpu_start: Project name:     light_relay[0m
[0;32mI (569) cpu_start: App version:      1.0[0m
[0;32mI (573) cpu_start: Compile time:     Aug 30 2023 21:06:40[0m
[0;32mI (579) cpu_start: ELF file SHA256:  aa82a296b7822b36...[0m
[0;32mI (585) cpu_start: ESP-IDF:          v5.1.1[0m
[0;32mI (590) cpu_start: Min chip rev:     v0.0[0m
[0;32mI (595) cpu_start: Max chip rev:     v3.99 [0m
[0;32mI (600) cpu_start: Chip rev:         v3.0[0m
[0;32mI (605) heap_init: Initializing. RAM available for dynamic allocation:[0m
[0;32mI (612) heap_init: At 3FFAFF10 len 000000F0 (0 KiB): DRAM[0m
[0;32mI (618) heap_init: At 3FFB6388 len 00001C78 (7 KiB): DRAM[0m
[0;32mI (624) heap_init: At 3FFB9A20 len 00004108 (16 KiB): DRAM[0m
[0;32mI (630) heap_init: At 3FFD4BE0 len 0000B420 (45 KiB): DRAM[0m
[0;32mI (636) heap_init: At 3FFE0440 len 00003AE0 (14 KiB): D/IRAM[0m
[0;32mI (643) heap_init: At 3FFE4350 len 0001BCB0 (111 KiB): D/IRAM[0m
[0;32mI (649) heap_init: At 4009EE98 len 00001168 (4 KiB): IRAM[0m
[0;32mI (657) spi_flash: detected chip: generic[0m
[0;32mI (660) spi_flash: flash io: dio[0m
[0;32mI (667) coexist: coex firmware version: 80b0d89[0m
[0;32mI (670) app_start: Starting scheduler on CPU0[0m
[0;32[0;32mI (674) app_start: Starting scheduler on CPU1[0m
mI (674) main_task: Started on CPU0[0m
[0;32mI (684) main_task: Calling app_main()[0m
[0;32mI (824) gpio: GPIO[0]| InputEn: 1| OutputEn: 0| OpenDrain: 0| Pullup: 1| Pulldown: 0| Intr:0 [0m
[0;33mW (824) esp_matter_core: Attribute 0x0000FFFD on cluster 0x0000001D already exists. Not creating again.[0m
[0;33mW (834) esp_matter_core: Attribute 0x0000FFFD on cluster 0x0000001F already exists. Not creating again.[0m
[0;31mE (844) esp_matter_attribute: Could not create attribute, string length out of bound[0m
[0;31mE (854) esp_matter_attribute: Could not create attribute, string length out of bound[0m
[0;33mW (864) esp_matter_core: Attribute 0x00000000 on cluster 0x00000030 already exists. Not creating again.[0m
Guru Meditation Error: Core  0 panic'ed (LoadProhibited). Exception was unhandled.

Core  0 register dump:
PC      : 0x400d7a7f  PS      : 0x00060f30  A0      : 0x800d76ed  A1      : 0x3ffbbb40  
A2      : 0x00000000  A3      : 0x3ffbbbe0  A4      : 0x00000000  A5      : 0x00000000  
A6      : 0x3ffc336c  A7      : 0x3f403662  A8      : 0x800dce7c  A9      : 0x3ffbbb70  
A10     : 0x3ffbda70  A11     : 0x3ffbbbe0  A12     : 0x00000000  A13     : 0x3ffbca18  
A14     : 0x3ffcc0fc  A15     : 0x3ffbd9e4  SAR     : 0x0000001d  EXCCAUSE: 0x0000001c  
EXCVADDR: 0x00000000  LBEG    : 0x4000c46c  LEND    : 0x4000c477  LCOUNT  : 0xffffffff  


Backtrace: 0x400d7a7c:0x3ffbbb40 0x400d76ea:0x3ffbbb70 0x400d7841:0x3ffbbbd0 0x401cb34f:0x3ffbbc50 0x40094e35:0x3ffbbc80




ELF file SHA256: aa82a296b7822b36

Rebooting...
ets Jul 29 2019 12:21:46

rst:0xc (SW_CPU_RESET),boot:0x13 (SPI_FAST_FLASH_BOOT)
configsip: 0, SPIWP:0xee
clk_drv:0x00,q_drv:0x00,d_drv:0x00,cs0_drv:0x00,hd_drv:0x00,wp_drv:0x00
mode:DIO, clock div:2
load:0x3fff0030,len:7080
load:0x40078000,len:15584
load:0x40080400,len:4
ho 8 tail 4 room 4
load:0x40080404,len:3876
entry 0x4008064c
[0;32mI (31) boot: ESP-IDF v5.1.1 2nd stage bootloader[0m
[0;32mI (31) boot: compile time Aug 30 2023 21:06:46[0m
[0;32mI (31) boot: Multicore bootloader[0m
[0;32mI (35) boot: chip revision: v3.0[0m
[0;32mI (39) boot.esp32: SPI Speed      : 40MHz[0m
[0;32mI (44) boot.esp32: SPI Mode       : DIO[0m
[0;32mI (48) boot.esp32: SPI Flash Size : 4MB[0m
[0;32mI (53) boot: Enabling RNG early entropy source...[0m
[0;32mI (58) boot: Partition Table:[0m
[0;32mI (62) boot: ## Label            Usage          Type ST Offset   Length[0m
[0;32mI (69) boot:  0 esp_secure_cert  unknown          3f 06 0000d000 00002000[0m
[0;32mI (76) boot:  1 nvs              WiFi data        01 02 00010000 0000c000[0m
[0;32mI (84) boot:  2 nvs_keys         NVS keys         01 04 0001c000 00001000[0m
[0;32mI (91) boot:  3 otadata          OTA data         01 00 0001d000 00002000[0m
[0;32mI (99) boot:  4 phy_init         RF data          01 01 0001f000 00001000[0m
[0;32mI (106) boot:  5 ota_0            OTA app          00 10 00020000 001e0000[0m
[0;32mI (114) boot:  6 ota_1            OTA app          00 11 00200000 001e0000[0m
[0;32mI (121) boot:  7 fctry            WiFi data        01 02 003e0000 00006000[0m
[0;32mI (129) boot: End of partition table[0m
[0;32mI (133) esp_image: segment 0: paddr=00020020 vaddr=3f400020 size=392a0h (234144) map[0m
[0;32mI (190) esp_image: segment 1: paddr=000592c8 vaddr=3ff80000 size=00004h (     4) load[0m
[0;32mI (190) esp_image: segment 2: paddr=000592d4 vaddr=3ffbdb60 size=056f4h ( 22260) load[0m
[0;32mI (201) esp_image: segment 3: paddr=0005e9d0 vaddr=40080000 size=01648h (  5704) load[0m
[0;32mI (206) esp_image: segment 4: paddr=00060020 vaddr=400d0020 size=fcf8ch (1036172) map[0m
[0;32mI (426) esp_image: segment 5: paddr=0015cfb4 vaddr=40081648 size=1d850h (120912) load[0m
[0;32mI (474) boot: Loaded app from partition at offset 0x20000[0m
[0;32mI (474) boot: Disabling RNG early entropy source...[0m
[0;32mI (485) cpu_start: Multicore app[0m
[0;32mI (486) cpu_start: Pro cpu up.[0m
[0;32mI (486) cpu_start: Starting app cpu, entry point is 0x400814a4[0m
[0;32mI (475) cpu_start: App cpu up.[0m
[0;32mI (506) cpu_start: Pro cpu start user code[0m
[0;32mI (506) cpu_start: cpu freq: 160000000 Hz[0m
[0;32mI (506) cpu_start: Application information:[0m
[0;32mI (511) cpu_start: Project name:     light_relay[0m
[0;32mI (516) cpu_start: App version:      1.0[0m
[0;32mI (520) cpu_start: Compile time:     Aug 30 2023 21:06:40[0m
[0;32mI (527) cpu_start: ELF file SHA256:  aa82a296b7822b36...[0m
[0;32mI (533) cpu_start: ESP-IDF:          v5.1.1[0m
[0;32mI (537) cpu_start: Min chip rev:     v0.0[0m
[0;32mI (542) cpu_start: Max chip rev:     v3.99 [0m
[0;32mI (547) cpu_start: Chip rev:         v3.0[0m
[0;32mI (552) heap_init: Initializing. RAM available for dynamic allocation:[0m
[0;32mI (559) heap_init: At 3FFAFF10 len 000000F0 (0 KiB): DRAM[0m
[0;32mI (565) heap_init: At 3FFB6388 len 00001C78 (7 KiB): DRAM[0m
[0;32mI (571) heap_init: At 3FFB9A20 len 00004108 (16 KiB): DRAM[0m
[0;32mI (577) heap_init: At 3FFD4BE0 len 0000B420 (45 KiB): DRAM[0m
[0;32mI (583) heap_init: At 3FFE0440 len 00003AE0 (14 KiB): D/IRAM[0m
[0;32mI (590) heap_init: At 3FFE4350 len 0001BCB0 (111 KiB): D/IRAM[0m
[0;32mI (596) heap_init: At 4009EE98 len 00001168 (4 KiB): IRAM[0m
[0;32mI (604) spi_flash: detected chip: generic[0m
[0;32mI (607) spi_flash: flash io: dio[0m
[0;32mI (614) coexist: coex firmware version: 80b0d89[0m
[0;32mI (617) app_start: Starting scheduler on CPU0[0m
[0;32[0;32mI (621) app_start: Starting scheduler on CPU1[0m
mI (621) main_task: Started on CPU0[0m
[0;32mI (631) main_task: Calling app_main()[0m
[0;32mI (771) gpio: GPIO[0]| InputEn: 1| OutputEn: 0| OpenDrain: 0| Pullup: 1| Pulldown: 0| Intr:0 [0m
[0;33mW (771) esp_matter_core: Attribute 0x0000FFFD on cluster 0x0000001D already exists. Not creating again.[0m
[0;33mW (781) esp_matter_core: Attribute 0x0000FFFD on cluster 0x0000001F already exists. Not creating again.[0m
[0;31mE (791) esp_matter_attribute: Could not create attribute, string length out of bound[0m
[0;31mE (801) esp_matter_attribute: Could not create attribute, string length out of bound[0m
[0;33mW (811) esp_matter_core: Attribute 0x00000000 on cluster 0x00000030 already exists. Not creating again.[0m
Guru Meditation Error: Core  0 panic'ed (LoadProhibited). Exception was unhandled.

Core  0 register dump:
PC      : 0x400d7a7f  PS      : 0x00060330  A0      : 0x800d76ed  A1      : 0x3ffbbb40  
A2      : 0x00000000  A3      : 0x3ffbbbe0  A4      : 0x00000000  A5      : 0x00000000  
A6      : 0x3ffc336c  A7      : 0x3f403662  A8      : 0x800dce7c  A9      : 0x3ffbbb70  
A10     : 0x3ffbda70  A11     : 0x3ffbbbe0  A12     : 0x00000000  A13     : 0x3ffbca18  
A14     : 0x3ffcc0fc  A15     : 0x3ffbd9e4  SAR     : 0x0000001d  EXCCAUSE: 0x0000001c  
EXCVADDR: 0x00000000  LBEG    : 0x4000c46c  LEND    : 0x4000c477  LCOUNT  : 0xffffffff  


Backtrace: 0x400d7a7c:0x3ffbbb40 0x400d76ea:0x3ffbbb70 0x400d7841:0x3ffbbbd0 0x401cb34f:0x3ffbbc50 0x40094e35:0x3ffbbc80




ELF file SHA256: aa82a296b7822b36

Rebooting...
ets Jul 29 2019 12:21:46

rst:0xc (SW_CPU_RESET),boot:0x13 (SPI_FAST_FLASH_BOOT)
configsip: 0, SPIWP:0xee
clk_drv:0x00,q_drv:0x00,d_drv:0x00,cs0_drv:0x00,hd_drv:0x00,wp_drv:0x00
mode:DIO, clock div:2
load:0x3fff0030,len:7080
load:0x40078000,len:15584
load:0x40080400,len:4
ho 8 tail 4 room 4
load:0x40080404,len:3876
entry 0x4008064c
[0;32mI (31) boot: ESP-IDF v5.1.1 2nd stage bootloader[0m
[0;32mI (31) boot: compile time Aug 30 2023 21:06:46[0m
[0;32mI (31) boot: Multicore bootloader[0m
[0;32mI (35) boot: chip revision: v3.0[0m
[0;32mI (39) boot.esp32: SPI Speed      : 40MHz[0m
[0;32mI (44) boot.esp32: SPI Mode       : DIO[0m
[0;32mI (48) boot.esp32: SPI Flash Size : 4MB[0m
[0;32mI (53) boot: Enabling RNG early entropy source...[0m
[0;32mI (58) boot: Partition Table:[0m
[0;32mI (62) boot: ## Label            Usage          Type ST Offset   Length[0m
[0;32mI (69) boot:  0 esp_secure_cert  unknown          3f 06 0000d000 00002000[0m
[0;32mI (76) boot:  1 nvs              WiFi data        01 02 00010000 0000c000[0m
[0;32mI (84) boot:  2 nvs_keys         NVS keys         01 04 0001c000 00001000[0m
[0;32mI (91) boot:  3 otadata          OTA data         01 00 0001d000 00002000[0m
[0;32mI (99) boot:  4 phy_init         RF data          01 01 0001f000 00001000[0m
[0;32mI (106) boot:  5 ota_0            OTA app          00 10 00020000 001e0000[0m
[0;32mI (114) boot:  6 ota_1            OTA app          00 11 00200000 001e0000[0m
[0;32mI (121) boot:  7 fctry            WiFi data        01 02 003e0000 00006000[0m
[0;32mI (129) boot: End of partition table[0m
[0;32mI (133) esp_image: segment 0: paddr=00020020 vaddr=3f400020 size=392a0h (234144) map[0m
[0;32mI (190) esp_image: segment 1: paddr=000592c8 vaddr=3ff80000 size=00004h (     4) load[0m
[0;32mI (190) esp_image: segment 2: paddr=000592d4 vaddr=3ffbdb60 size=056f4h ( 22260) load[0m
[0;32mI (201) esp_image: segment 3: paddr=0005e9d0 vaddr=40080000 size=01648h (  5704) load[0m
[0;32mI (206) esp_image: segment 4: paddr=00060020 vaddr=400d0020 size=fcf8ch (1036172) map[0m
[0;32mI (426) esp_image: segment 5: paddr=0015cfb4 vaddr=40081648 size=1d850h (120912) load[0m
[0;32mI (474) boot: Loaded app from partition at offset 0x20000[0m
[0;32mI (474) boot: Disabling RNG early entropy source...[0m
[0;32mI (485) cpu_start: Multicore app[0m
[0;32mI (486) cpu_start: Pro cpu up.[0m
[0;32mI (486) cpu_start: Starting app cpu, entry point is 0x400814a4[0m
[0;32mI (475) cpu_start: App cpu up.[0m
[0;32mI (506) cpu_start: Pro cpu start user code[0m
[0;32mI (506) cpu_start: cpu freq: 160000000 Hz[0m
[0;32mI (506) cpu_start: Application information:[0m
[0;32mI (511) cpu_start: Project name:     light_relay[0m
[0;32mI (516) cpu_start: App version:      1.0[0m
[0;32mI (520) cpu_start: Compile time:     Aug 30 2023 21:06:40[0m
[0;32mI (527) cpu_start: ELF file SHA256:  aa82a296b7822b36...[0m
[0;32mI (533) cpu_start: ESP-IDF:          v5.1.1[0m
[0;32mI (537) cpu_start: Min chip rev:     v0.0[0m
[0;32mI (542) cpu_start: Max chip rev:     v3.99 [0m
[0;32mI (547) cpu_start: Chip rev:         v3.0[0m
[0;32mI (552) heap_init: Initializing. RAM available for dynamic allocation:[0m
[0;32mI (559) heap_init: At 3FFAFF10 len 000000F0 (0 KiB): DRAM[0m
[0;32mI (565) heap_init: At 3FFB6388 len 00001C78 (7 KiB): DRAM[0m
[0;32mI (571) heap_init: At 3FFB9A20 len 00004108 (16 KiB): DRAM[0m
[0;32mI (577) heap_init: At 3FFD4BE0 len 0000B420 (45 KiB): DRAM[0m
[0;32mI (583) heap_init: At 3FFE0440 len 00003AE0 (14 KiB): D/IRAM[0m
[0;32mI (590) heap_init: At 3FFE4350 len 0001BCB0 (111 KiB): D/IRAM[0m
[0;32mI (596) heap_init: At 4009EE98 len 00001168 (4 KiB): IRAM[0m
[0;32mI (604) spi_flash: detected chip: generic[0m
[0;32mI (607) spi_flash: flash io: dio[0m
[0;32mI (614) coexist: coex firmware version: 80b0d89[0m
[0;32mI (617) app_start: Starting scheduler on CPU0[0m
[0;32[0;32mI (621) app_start: Starting scheduler on CPU1[0m
mI (621) main_task: Started on CPU0[0m
[0;32mI (631) main_task: Calling app_main()[0m
[0;32mI (771) gpio: GPIO[0]| InputEn: 1| OutputEn: 0| OpenDrain: 0| Pullup: 1| Pulldown: 0| Intr:0 [0m
[0;33mW (771) esp_matter_core: Attribute 0x0000FFFD on cluster 0x0000001D already exists. Not creating again.[0m
[0;33mW (781) esp_matter_core: Attribute 0x0000FFFD on cluster 0x0000001F already exists. Not creating again.[0m
[0;31mE (791) esp_matter_attribute: Could not create attribute, string length out of bound[0m
[0;31mE (801) esp_matter_attribute: Could not create attribute, string length out of bound[0m
[0;33mW (811) esp_matter_core: Attribute 0x00000000 on cluster 0x00000030 already exists. Not creating again.[0m
Guru Meditation Error: Core  0 panic'ed (LoadProhibited). Exception was unhandled.

Core  0 register dump:
PC      : 0x400d7a7f  PS      : 0x00060f30  A0      : 0x800d76ed  A1      : 0x3ffbbb40  
A2      : 0x00000000  A3      : 0x3ffbbbe0  A4      : 0x00000000  A5      : 0x00000000  
A6      : 0x3ffc336c  A7      : 0x3f403662  A8      : 0x800dce7c  A9      : 0x3ffbbb70  
A10     : 0x3ffbda70  A11     : 0x3ffbbbe0  A12     : 0x00000000  A13     : 0x3ffbca18  
A14     : 0x3ffcc0fc  A15     : 0x3ffbd9e4  SAR     : 0x0000001d  EXCCAUSE: 0x0000001c  
EXCVADDR: 0x00000000  LBEG    : 0x4000c46c  LEND    : 0x4000c477  LCOUNT  : 0xffffffff  


Backtrace: 0x400d7a7c:0x3ffbbb40 0x400d76ea:0x3ffbbb70 0x400d7841:0x3ffbbbd0 0x401cb34f:0x3ffbbc50 0x40094e35:0x3ffbbc80




ELF file SHA256: aa82a296b7822b36

Rebooting...
ets Jul 29 2019 12:21:46

rst:0xc (SW_CPU_RESET),boot:0x13 (SPI_FAST_FLASH_BOOT)
configsip: 0, SPIWP:0xee
clk_drv:0x00,q_drv:0x00,d_drv:0x00,cs0_drv:0x00,hd_drv:0x00,wp_drv:0x00
mode:DIO, clock div:2
load:0x3fff0030,len:7080
load:0x40078000,len:15584
load:0x40080400,len:4
ho 8 tail 4 room 4
load:0x40080404,len:3876
entry 0x4008064c
[0;32mI (31) boot: ESP-IDF v5.1.1 2nd stage bootloader[0m
[0;32mI (31) boot: compile time Aug 30 2023 21:06:46[0m
[0;32mI (31) boot: Multicore bootloader[0m
[0;32mI (35) boot: chip revision: v3.0[0m
[0;32mI (39) boot.esp32: SPI Speed      : 40MHz[0m
[0;32mI (44) boot.esp32: SPI Mode       : DIO[0m
[0;32mI (48) boot.esp32: SPI Flash Size : 4MB[0m
[0;32mI (53) boot: Enabling RNG early entropy source...[0m
[0;32mI (58) boot: Partition Table:[0m
[0;32mI (62) boot: ## Label            Usage          Type ST Offset   Length[0m
[0;32mI (69) boot:  0 esp_secure_cert  unknown          3f 06 0000d000 00002000[0m
[0;32mI (76) boot:  1 nvs              WiFi data        01 02 00010000 0000c000[0m
[0;32mI (84) boot:  2 nvs_keys         NVS keys         01 04 0001c000 00001000[0m
[0;32mI (91) boot:  3 otadata          OTA data         01 00 0001d000 00002000[0m
[0;32mI (99) boot:  4 phy_init         RF data          01 01 0001f000 00001000[0m
[0;32mI (106) boot:  5 ota_0            OTA app          00 10 00020000 001e0000[0m
[0;32mI (114) boot:  6 ota_1            OTA app          00 11 00200000 001e0000[0m
[0;32mI (121) boot:  7 fctry            WiFi data        01 02 003e0000 00006000[0m
[0;32mI (129) boot: End of partition table[0m
[0;32mI (133) esp_image: segment 0: paddr=00020020 vaddr=3f400020 size=392a0h (234144) map[0m
[0;32mI (190) esp_image: segment 1: paddr=000592c8 vaddr=3ff80000 size=00004h (     4) load[0m
[0;32mI (190) esp_image: segment 2: paddr=000592d4 vaddr=3ffbdb60 size=056f4h ( 22260) load[0m
[0;32mI (201) esp_image: segment 3: paddr=0005e9d0 vaddr=40080000 size=01648h (  5704) load[0m
[0;32mI (206) esp_image: segment 4: paddr=00060020 vaddr=400d0020 size=fcf8ch (1036172) map[0m
[0;32mI (426) esp_image: segment 5: paddr=0015cfb4 vaddr=40081648 size=1d850h (120912) load[0m
[0;32mI (474) boot: Loaded app from partition at offset 0x20000[0m
[0;32mI (474) boot: Disabling RNG early entropy source...[0m
[0;32mI (485) cpu_start: Multicore app[0m
[0;32mI (486) cpu_start: Pro cpu up.[0m
[0;32mI (486) cpu_start: Starting app cpu, entry point is 0x400814a4[0m
[0;32mI (475) cpu_start: App cpu up.[0m
[0;32mI (506) cpu_start: Pro cpu start user code[0m
[0;32mI (506) cpu_start: cpu freq: 160000000 Hz[0m
[0;32mI (506) cpu_start: Application information:[0m
[0;32mI (511) cpu_start: Project name:     light_relay[0m
[0;32mI (516) cpu_start: App version:      1.0[0m
[0;32mI (520) cpu_start: Compile time:     Aug 30 2023 21:06:40[0m
[0;32mI (527) cpu_start: ELF file SHA256:  aa82a296b7822b36...[0m
[0;32mI (533) cpu_start: ESP-IDF:          v5.1.1[0m
[0;32mI (537) cpu_start: Min chip rev:     v0.0[0m
[0;32mI (542) cpu_start: Max chip rev:     v3.99 [0m
[0;32mI (547) cpu_start: Chip rev:         v3.0[0m
[0;32mI (552) heap_init: Initializing. RAM available for dynamic allocation:[0m
[0;32mI (559) heap_init: At 3FFAFF10 len 000000F0 (0 KiB): DRAM[0m
[0;32mI (565) heap_init: At 3FFB6388 len 00001C78 (7 KiB): DRAM[0m
[0;32mI (571) heap_init: At 3FFB9A20 len 00004108 (16 KiB): DRAM[0m
[0;32mI (577) heap_init: At 3FFD4BE0 len 0000B420 (45 KiB): DRAM[0m
[0;32mI (583) heap_init: At 3FFE0440 len 00003AE0 (14 KiB): D/IRAM[0m
[0;32mI (590) heap_init: At 3FFE4350 len 0001BCB0 (111 KiB): D/IRAM[0m
[0;32mI (596) heap_init: At 4009EE98 len 00001168 (4 KiB): IRAM[0m
[0;32mI (604) spi_flash: detected chip: generic[0m
[0;32mI (607) spi_flash: flash io: dio[0m
[0;32mI (614) coexist: coex firmware version: 80b0d89[0m
[0;32mI (617) app_start: Starting scheduler on CPU0[0m
[0;32[0;32mI (621) app_start: Starting scheduler on CPU1[0m
mI (621) main_task: Started on CPU0[0m
[0;32mI (631) main_task: Calling app_main()[0m
[0;32mI (771) gpio: GPIO[0]| InputEn: 1| OutputEn: 0| OpenDrain: 0| Pullup: 1| Pulldown: 0| Intr:0 [0m
[0;33mW (771) esp_matter_core: Attribute 0x0000FFFD on cluster 0x0000001D already exists. Not creating again.[0m
[0;33mW (781) esp_matter_core: Attribute 0x0000FFFD on cluster 0x0000001F already exists. Not creating again.[0m
[0;31mE (791) esp_matter_attribute: Could not create attribute, string length out of bound[0m
[0;31mE (801) esp_matter_attribute: Could not create attribute, string length out of bound[0m
[0;33mW (811) esp_matter_core: Attribute 0x00000000 on cluster 0x00000030 already exists. Not creating again.[0m
Guru Meditation Error: Core  0 panic'ed (LoadProhibited). Exception was unhandled.

Core  0 register dump:
PC      : 0x400d7a7f  PS      : 0x00060f30  A0      : 0x800d76ed  A1      : 0x3ffbbb40  
A2      : 0x00000000  A3      : 0x3ffbbbe0  A4      : 0x00000000  A5      : 0x00000000  
A6      : 0x3ffc336c  A7      : 0x3f403662  A8      : 0x800dce7c  A9      : 0x3ffbbb70  
A10     : 0x3ffbda70  A11     : 0x3ffbbbe0  A12     : 0x00000000  A13     : 0x3ffbca18  
A14     : 0x3ffcc0fc  A15     : 0x3ffbd9e4  SAR     : 0x0000001d  EXCCAUSE: 0x0000001c  
EXCVADDR: 0x00000000  LBEG    : 0x4000c46c  LEND    : 0x4000c477  LCOUNT  : 0xffffffff  


Backtrace: 0x400d7a7c:0x3ffbbb40 0x400d76ea:0x3ffbbb70 0x400d7841:0x3ffbbbd0 0x401cb34f:0x3ffbbc50 0x40094e35:0x3ffbbc80




ELF file SHA256: aa82a296b7822b36

Rebooting...
ets Jul 29 2019 12:21:46

rst:0xc (SW_CPU_RESET),boot:0x13 (SPI_FAST_FLASH_BOOT)
configsip: 0, SPIWP:0xee
clk_drv:0x00,q_drv:0x00,d_drv:0x00,cs0_drv:0x00,hd_drv:0x00,wp_drv:0x00
mode:DIO, clock div:2
load:0x3fff0030,len:7080
load:0x40078000,len:15584
load:0x40080400,len:4
ho 8 tail 4 room 4
load:0x40080404,len:3876
entry 0x4008064c
[0;32mI (31) boot: ESP-IDF v5.1.1 2nd stage bootloader[0m
[0;32mI (31) boot: compile time Aug 30 2023 21:06:46[0m
[0;32mI (31) boot: Multicore bootloader[0m
[0;32mI (35) boot: chip revision: v3.0[0m
[0;32mI (39) boot.esp32: SPI Speed      : 40MHz[0m
[0;32mI (44) boot.esp32: SPI Mode       : DIO[0m
[0;32mI (48) boot.esp32: SPI Flash Size : 4MB[0m
[0;32mI (53) boot: Enabling RNG early entropy source...[0m
[0;32mI (58) boot: Partition Table:[0m
[0;32mI (62) boot: ## Label            Usage          Type ST Offset   Length[0m
[0;32mI (69) boot:  0 esp_secure_cert  unknown          3f 06 0000d000 00002000[0m
[0;32mI (76) boot:  1 nvs              WiFi data        01 02 00010000 0000c000[0m
[0;32mI (84) boot:  2 nvs_keys         NVS keys         01 04 0001c000 00001000[0m
[0;32mI (91) boot:  3 otadata          OTA data         01 00 0001d000 00002000[0m
[0;32mI (99) boot:  4 phy_init         RF data          01 01 0001f000 00001000[0m
[0;32mI (106) boot:  5 ota_0            OTA app          00 10 00020000 001e0000[0m
[0;32mI (114) boot:  6 ota_1            OTA app          00 11 00200000 001e0000[0m
[0;32mI (121) boot:  7 fctry            WiFi data        01 02 003e0000 00006000[0m
[0;32mI (129) boot: End of partition table[0m
[0;32mI (133) esp_image: segment 0: paddr=00020020 vaddr=3f400020 size=392a0h (234144) map[0m
[0;32mI (190) esp_image: segment 1: paddr=000592c8 vaddr=3ff80000 size=00004h (     4) load[0m
[0;32mI (190) esp_image: segment 2: paddr=000592d4 vaddr=3ffbdb60 size=056f4h ( 22260) load[0m
[0;32mI (201) esp_image: segment 3: paddr=0005e9d0 vaddr=40080000 size=01648h (  5704) load[0m
[0;32mI (206) esp_image: segment 4: paddr=00060020 vaddr=400d0020 size=fcf8ch (1036172) map[0m
[0;32mI (426) esp_image: segment 5: paddr=0015cfb4 vaddr=40081648 size=1d850h (120912) load[0m
[0;32mI (474) boot: Loaded app from partition at offset 0x20000[0m
[0;32mI (474) boot: Disabling RNG early entropy source...[0m
[0;32mI (485) cpu_start: Multicore app[0m
[0;32mI (486) cpu_start: Pro cpu up.[0m
[0;32mI (486) cpu_start: Starting app cpu, entry point is 0x400814a4[0m
[0;32mI (475) cpu_start: App cpu up.[0m
[0;32mI (506) cpu_start: Pro cpu start user code[0m
[0;32mI (506) cpu_start: cpu freq: 160000000 Hz[0m
[0;32mI (506) cpu_start: Application information:[0m
[0;32mI (511) cpu_start: Project name:     light_relay[0m
[0;32mI (516) cpu_start: App version:      1.0[0m
[0;32mI (520) cpu_start: Compile time:     Aug 30 2023 21:06:40[0m
[0;32mI (527) cpu_start: ELF file SHA256:  aa82a296b7822b36...[0m
[0;32mI (533) cpu_start: ESP-IDF:          v5.1.1[0m
[0;32mI (537) cpu_start: Min chip rev:     v0.0[0m
[0;32mI (542) cpu_start: Max chip rev:     v3.99 [0m
[0;32mI (547) cpu_start: Chip rev:         v3.0[0m
[0;32mI (552) heap_init: Initializing. RAM available for dynamic allocation:[0m
[0;32mI (559) heap_init: At 3FFAFF10 len 000000F0 (0 KiB): DRAM[0m
[0;32mI (565) heap_init: At 3FFB6388 len 00001C78 (7 KiB): DRAM[0m
[0;32mI (571) heap_init: At 3FFB9A20 len 00004108 (16 KiB): DRAM[0m
[0;32mI (577) heap_init: At 3FFD4BE0 len 0000B420 (45 KiB): DRAM[0m
[0;32mI (583) heap_init: At 3FFE0440 len 00003AE0 (14 KiB): D/IRAM[0m
[0;32mI (590) heap_init: At 3FFE4350 len 0001BCB0 (111 KiB): D/IRAM[0m
[0;32mI (596) heap_init: At 4009EE98 len 00001168 (4 KiB): IRAM[0m
[0;32mI (604) spi_flash: detected chip: generic[0m
[0;32mI (607) spi_flash: flash io: dio[0m
[0;32mI (614) coexist: coex firmware version: 80b0d89[0m
[0;32mI (617) app_start: Starting scheduler on CPU0[0m
[0;32[0;32mI (621) app_start: Starting scheduler on CPU1[0m
mI (621) main_task: Started on CPU0[0m
[0;32mI (631) main_task: Calling app_main()[0m
[0;32mI (771) gpio: GPIO[0]| InputEn: 1| OutputEn: 0| OpenDrain: 0| Pullup: 1| Pulldown: 0| Intr:0 [0m
[0;33mW (771) esp_matter_core: Attribute 0x0000FFFD on cluster 0x0000001D already exists. Not creating again.[0m
[0;33mW (781) esp_matter_core: Attribute 0x0000FFFD on cluster 0x0000001F already exists. Not creating again.[0m
[0;31mE (791) esp_matter_attribute: Could not create attribute, string length out of bound[0m
[0;31mE (801) esp_matter_attribute: Could not create attribute, string length out of bound[0m
[0;33mW (811) esp_matter_core: Attribute 0x00000000 on cluster 0x00000030 already exists. Not creating again.[0m
Guru Meditation Error: Core  0 panic'ed (LoadProhibited). Exception was unhandled.

Core  0 register dump:
PC      : 0x400d7a7f  PS      : 0x00060f30  A0      : 0x800d76ed  A1      : 0x3ffbbb40  
A2      : 0x00000000  A3      : 0x3ffbbbe0  A4      : 0x00000000  A5      : 0x00000000  
A6      : 0x3ffc336c  A7      : 0x3f403662  A8      : 0x800dce7c  A9      : 0x3ffbbb70  
A10     : 0x3ffbda70  A11     : 0x3ffbbbe0  A12     : 0x00000000  A13     : 0x3ffbca18  
A14     : 0x3ffcc0fc  A15     : 0x3ffbd9e4  SAR     : 0x0000001d  EXCCAUSE: 0x0000001c  
EXCVADDR: 0x00000000  LBEG    : 0x4000c46c  LEND    : 0x4000c477  LCOUNT  : 0xffffffff  


Backtrace: 0x400d7a7c:0x3ffbbb40 0x400d76ea:0x3ffbbb70 0x400d7841:0x3ffbbbd0 0x401cb34f:0x3ffbbc50 0x40094e35:0x3ffbbc80




ELF file SHA256: aa82a296b7822b36

Rebooting...
ets Jul 29 2019 12:21:46

rst:0xc (SW_CPU_RESET),boot:0x13 (SPI_FAST_FLASH_BOOT)
configsip: 0, SPIWP:0xee
clk_drv:0x00,q_drv:0x00,d_drv:0x00,cs0_drv:0x00,hd_drv:0x00,wp_drv:0x00
mode:DIO, clock div:2
load:0x3fff0030,len:7080
load:0x40078000,len:15584
load:0x40080400,len:4
ho 8 tail 4 room 4
load:0x40080404,len:3876
entry 0x4008064c
[0;32mI (31) boot: ESP-IDF v5.1.1 2nd stage bootloader[0m
[0;32mI (31) boot: compile time Aug 30 2023 21:06:46[0m
[0;32mI (31) boot: Multicore bootloader[0m
[0;32mI (35) boot: chip revision: v3.0[0m
[0;32mI (39) boot.esp32: SPI Speed      : 40MHz[0m
[0;32mI (44) boot.esp32: SPI Mode       : DIO[0m
[0;32mI (48) boot.esp32: SPI Flash Size : 4MB[0m
[0;32mI (53) boot: Enabling RNG early entropy source...[0m
[0;32mI (58) boot: Partition Table:[0m
[0;32mI (62) boot: ## Label            Usage          Type ST Offset   Length[0m
[0;32mI (69) boot:  0 esp_secure_cert  unknown          3f 06 0000d000 00002000[0m
[0;32mI (76) boot:  1 nvs              WiFi data        01 02 00010000 0000c000[0m
[0;32mI (84) boot:  2 nvs_keys         NVS keys         01 04 0001c000 00001000[0m
[0;32mI (91) boot:  3 otadata          OTA data         01 00 0001d000 00002000[0m
[0;32mI (99) boot:  4 phy_init         RF data          01 01 0001f000 00001000[0m
[0;32mI (106) boot:  5 ota_0            OTA app          00 10 00020000 001e0000[0m
[0;32mI (114) boot:  6 ota_1            OTA app          00 11 00200000 001e0000[0m
[0;32mI (121) boot:  7 fctry            WiFi data        01 02 003e0000 00006000[0m
[0;32mI (129) boot: End of partition table[0m
[0;32mI (133) esp_image: segment 0: paddr=00020020 vaddr=3f400020 size=392a0h (234144) map[0m
[0;32mI (190) esp_image: segment 1: paddr=000592c8 vaddr=3ff80000 size=00004h (     4) load[0m
[0;32mI (190) esp_image: segment 2: paddr=000592d4 vaddr=3ffbdb60 size=056f4h ( 22260) load[0m
[0;32mI (201) esp_image: segment 3: paddr=0005e9d0 vaddr=40080000 size=01648h (  5704) load[0m
[0;32mI (206) esp_image: segment 4: paddr=00060020 vaddr=400d0020 size=fcf8ch (1036172) map[0m
[0;32mI (426) esp_image: segment 5: paddr=0015cfb4 vaddr=40081648 size=1d850h (120912) load[0m
[0;32mI (474) boot: Loaded app from partition at offset 0x20000[0m
[0;32mI (474) boot: Disabling RNG early entropy source...[0m
[0;32mI (485) cpu_start: Multicore app[0m
[0;32mI (486) cpu_start: Pro cpu up.[0m
[0;32mI (486) cpu_start: Starting app cpu, entry point is 0x400814a4[0m
[0;32mI (475) cpu_start: App cpu up.[0m
[0;32mI (506) cpu_start: Pro cpu start user code[0m
[0;32mI (506) cpu_start: cpu freq: 160000000 Hz[0m
[0;32mI (506) cpu_start: Application information:[0m
[0;32mI (511) cpu_start: Project name:     light_relay[0m
[0;32mI (516) cpu_start: App version:      1.0[0m
[0;32mI (520) cpu_start: Compile time:     Aug 30 2023 21:06:40[0m
[0;32mI (527) cpu_start: ELF file SHA256:  aa82a296b7822b36...[0m
[0;32mI (533) cpu_start: ESP-IDF:          v5.1.1[0m
[0;32mI (537) cpu_start: Min chip rev:     v0.0[0m
[0;32mI (542) cpu_start: Max chip rev:     v3.99 [0m
[0;32mI (547) cpu_start: Chip rev:         v3.0[0m
[0;32mI (552) heap_init: Initializing. RAM available for dynamic allocation:[0m
[0;32mI (559) heap_init: At 3FFAFF10 len 000000F0 (0 KiB): DRAM[0m
[0;32mI (565) heap_init: At 3FFB6388 len 00001C78 (7 KiB): DRAM[0m
[0;32mI (571) heap_init: At 3FFB9A20 len 00004108 (16 KiB): DRAM[0m
[0;32mI (577) heap_init: At 3FFD4BE0 len 0000B420 (45 KiB): DRAM[0m
[0;32mI (583) heap_init: At 3FFE0440 len 00003AE0 (14 KiB): D/IRAM[0m
[0;32mI (590) heap_init: At 3FFE4350 len 0001BCB0 (111 KiB): D/IRAM[0m
[0;32mI (596) heap_init: At 4009EE98 len 00001168 (4 KiB): IRAM[0m
[0;32mI (604) spi_flash: detected chip: generic[0m
[0;32mI (607) spi_flash: flash io: dio[0m
[0;32mI (614) coexist: coex firmware version: 80b0d89[0m
[0;32mI (617) app_start: Starting scheduler on CPU0[0m
[0;32[0;32mI (621) app_start: Starting scheduler on CPU1[0m
mI (621) main_task: Started on CPU0[0m
[0;32mI (631) main_task: Calling app_main()[0m
[0;32mI (771) gpio: GPIO[0]| InputEn: 1| OutputEn: 0| OpenDrain: 0| Pullup: 1| Pulldown: 0| Intr:0 [0m
[0;33mW (771) esp_matter_core: Attribute 0x0000FFFD on cluster 0x0000001D already exists. Not creating again.[0m
[0;33mW (781) esp_matter_core: Attribute 0x0000FFFD on cluster 0x0000001F already exists. Not creating again.[0m
[0;31mE (791) esp_matter_attribute: Could not create attribute, string length out of bound[0m
[0;31mE (801) esp_matter_attribute: Could not create attribute, string length out of bound[0m
[0;33mW (811) esp_matter_core: Attribute 0x00000000 on cluster 0x00000030 already exists. Not creating again.[0m
Guru Meditation Error: Core  0 panic'ed (LoadProhibited). Exception was unhandled.

Core  0 register dump:
PC      : 0x400d7a7f  PS      : 0x00060f30  A0      : 0x800d76ed  A1      : 0x3ffbbb40  
A2      : 0x00000000  A3      : 0x3ffbbbe0  A4      : 0x00000000  A5      : 0x00000000  
A6      : 0x3ffc336c  A7      : 0x3f403662  A8      : 0x800dce7c  A9      : 0x3ffbbb70  
A10     : 0x3ffbda70  A11     : 0x3ffbbbe0  A12     : 0x00000000  A13     : 0x3ffbca18  
A14     : 0x3ffcc0fc  A15     : 0x3ffbd9e4  SAR     : 0x0000001d  EXCCAUSE: 0x0000001c  
EXCVADDR: 0x00000000  LBEG    : 0x4000c46c  LEND    : 0x4000c477  LCOUNT  : 0xffffffff  


Backtrace: 0x400d7a7c:0x3ffbbb40 0x400d76ea:0x3ffbbb70 0x400d7841:0x3ffbbbd0 0x401cb34f:0x3ffbbc50 0x40094e35:0x3ffbbc80




ELF file SHA256: aa82a296b7822b36

Rebooting...
ets Jul 29 2019 12:21:46

rst:0xc (SW_CPU_RESET),boot:0x13 (SPI_FAST_FLASH_BOOT)
configsip: 0, SPIWP:0xee
clk_drv:0x00,q_drv:0x00,d_drv:0x00,cs0_drv:0x00,hd_drv:0x00,wp_drv:0x00
mode:DIO, clock div:2
load:0x3fff0030,len:7080
load:0x40078000,len:15584
load:0x40080400,len:4
ho 8 tail 4 room 4
load:0x40080404,len:3876
entry 0x4008064c
[0;32mI (31) boot: ESP-IDF v5.1.1 2nd stage bootloader[0m
[0;32mI (31) boot: compile time Aug 30 2023 21:06:46[0m
[0;32mI (31) boot: Multicore bootloader[0m
[0;32mI (35) boot: chip revision: v3.0[0m
[0;32mI (39) boot.esp32: SPI Speed      : 40MHz[0m
[0;32mI (44) boot.esp32: SPI Mode       : DIO[0m
[0;32mI (48) boot.esp32: SPI Flash Size : 4MB[0m
[0;32mI (53) boot: Enabling RNG early entropy source...[0m
[0;32mI (58) boot: Partition Table:[0m
[0;32mI (62) boot: ## Label            Usage          Type ST Offset   Length[0m
[0;32mI (69) boot:  0 esp_secure_cert  unknown          3f 06 0000d000 00002000[0m
[0;32mI (76) boot:  1 nvs              WiFi data        01 02 00010000 0000c000[0m
[0;32mI (84) boot:  2 nvs_keys         NVS keys         01 04 0001c000 00001000[0m
[0;32mI (91) boot:  3 otadata          OTA data         01 00 0001d000 00002000[0m
[0;32mI (99) boot:  4 phy_init         RF data          01 01 0001f000 00001000[0m
[0;32mI (106) boot:  5 ota_0            OTA app          00 10 00020000 001e0000[0m
[0;32mI (114) boot:  6 ota_1            OTA app          00 11 00200000 001e0000[0m
[0;32mI (121) boot:  7 fctry            WiFi data        01 02 003e0000 00006000[0m
[0;32mI (129) boot: End of partition table[0m
[0;32mI (133) esp_image: segment 0: paddr=00020020 vaddr=3f400020 size=392a0h (234144) map[0m
[0;32mI (190) esp_image: segment 1: paddr=000592c8 vaddr=3ff80000 size=00004h (     4) load[0m
[0;32mI (190) esp_image: segment 2: paddr=000592d4 vaddr=3ffbdb60 size=056f4h ( 22260) load[0m
[0;32mI (201) esp_image: segment 3: paddr=0005e9d0 vaddr=40080000 size=01648h (  5704) load[0m
[0;32mI (206) esp_image: segment 4: paddr=00060020 vaddr=400d0020 size=fcf8ch (1036172) map[0m
[0;32mI (426) esp_image: segment 5: paddr=0015cfb4 vaddr=40081648 size=1d850h (120912) load[0m
[0;32mI (474) boot: Loaded app from partition at offset 0x20000[0m
[0;32mI (474) boot: Disabling RNG early entropy source...[0m
[0;32mI (485) cpu_start: Multicore app[0m
[0;32mI (486) cpu_start: Pro cpu up.[0m
[0;32mI (486) cpu_start: Starting app cpu, entry point is 0x400814a4[0m
[0;32mI (475) cpu_start: App cpu up.[0m
[0;32mI (506) cpu_start: Pro cpu start user code[0m
[0;32mI (506) cpu_start: cpu freq: 160000000 Hz[0m
[0;32mI (506) cpu_start: Application information:[0m
[0;32mI (511) cpu_start: Project name:     light_relay[0m
[0;32mI (516) cpu_start: App version:      1.0[0m
[0;32mI (520) cpu_start: Compile time:     Aug 30 2023 21:06:40[0m
[0;32mI (527) cpu_start: ELF file SHA256:  aa82a296b7822b36...[0m
[0;32mI (533) cpu_start: ESP-IDF:          v5.1.1[0m
[0;32mI (537) cpu_start: Min chip rev:     v0.0[0m
[0;32mI (542) cpu_start: Max chip rev:     v3.99 [0m
[0;32mI (547) cpu_start: Chip rev:         v3.0[0m
[0;32mI (552) heap_init: Initializing. RAM available for dynamic allocation:[0m
[0;32mI (559) heap_init: At 3FFAFF10 len 000000F0 (0 KiB): DRAM[0m
[0;32mI (565) heap_init: At 3FFB6388 len 00001C78 (7 KiB): DRAM[0m
[0;32mI (571) heap_init: At 3FFB9A20 len 00004108 (16 KiB): DRAM[0m
[0;32mI (577) heap_init: At 3FFD4BE0 len 0000B420 (45 KiB): DRAM[0m
[0;32mI (583) heap_init: At 3FFE0440 len 00003AE0 (14 KiB): D/IRAM[0m
[0;32mI (590) heap_init: At 3FFE4350 len 0001BCB0 (111 KiB): D/IRAM[0m
[0;32mI (596) heap_init: At 4009EE98 len 00001168 (4 KiB): IRAM[0m
[0;32mI (604) spi_flash: detected chip: generic[0m
[0;32mI (607) spi_flash: flash io: dio[0m
[0;32mI (614) coexist: coex firmware version: 80b0d89[0m
[0;32mI (617) app_start: Starting scheduler on CPU0[0m
[0;32[0;32mI (621) app_start: Starting scheduler on CPU1[0m
mI (621) main_task: Started on CPU0[0m
[0;32mI (631) main_task: Calling app_main()[0m
[0;32mI (771) gpio: GPIO[0]| InputEn: 1| OutputEn: 0| OpenDrain: 0| Pullup: 1| Pulldown: 0| Intr:0 [0m
[0;33mW (771) esp_matter_core: Attribute 0x0000FFFD on cluster 0x0000001D already exists. Not creating again.[0m
[0;33mW (781) esp_matter_core: Attribute 0x0000FFFD on cluster 0x0000001F already exists. Not creating again.[0m
[0;31mE (791) esp_matter_attribute: Could not create attribute, string length out of bound[0m
[0;31mE (801) esp_matter_attribute: Could not create attribute, string length out of bound[0m
[0;33mW (811) esp_matter_core: Attribute 0x00000000 on cluster 0x00000030 already exists. Not creating again.[0m
Guru Meditation Error: Core  0 panic'ed (LoadProhibited). Exception was unhandled.

Core  0 register dump:
PC      : 0x400d7a7f  PS      : 0x00060f30  A0      : 0x800d76ed  A1      : 0x3ffbbb40  
A2      : 0x00000000  A3      : 0x3ffbbbe0  A4      : 0x00000000  A5      : 0x00000000  
A6      : 0x3ffc336c  A7      : 0x3f403662  A8      : 0x800dce7c  A9      : 0x3ffbbb70  
A10     : 0x3ffbda70  A11     : 0x3ffbbbe0  A12     : 0x00000000  A13     : 0x3ffbca18  
A14     : 0x3ffcc0fc  A15     : 0x3ffbd9e4  SAR     : 0x0000001d  EXCCAUSE: 0x0000001c  
EXCVADDR: 0x00000000  LBEG    : 0x4000c46c  LEND    : 0x4000c477  LCOUNT  : 0xffffffff  


Backtrace: 0x400d7a7c:0x3ffbbb40 0x400d76ea:0x3ffbbb70 0x400d7841:0x3ffbbbd0 0x401cb34f:0x3ffbbc50 0x40094e35:0x3ffbbc80




ELF file SHA256: aa82a296b7822b36

Rebooting...
ets Jul 29 2019 12:21:46

rst:0xc (SW_CPU_RESET),boot:0x13 (SPI_FAST_FLASH_BOOT)
configsip: 0, SPIWP:0xee
clk_drv:0x00,q_drv:0x00,d_drv:0x00,cs0_drv:0x00,hd_drv:0x00,wp_drv:0x00
mode:DIO, clock div:2
load:0x3fff0030,len:7080
load:0x40078000,len:15584
load:0x40080400,len:4
ho 8 tail 4 room 4
load:0x40080404,len:3876
entry 0x4008064c
[0;32mI (31) boot: ESP-IDF v5.1.1 2nd stage bootloader[0m
[0;32mI (31) boot: compile time Aug 30 2023 21:06:46[0m
[0;32mI (31) boot: Multicore bootloader[0m
[0;32mI (35) boot: chip revision: v3.0[0m
[0;32mI (39) boot.esp32: SPI Speed      : 40MHz[0m
[0;32mI (44) boot.esp32: SPI Mode       : DIO[0m
[0;32mI (48) boot.esp32: SPI Flash Size : 4MB[0m
[0;32mI (53) boot: Enabling RNG early entropy source...[0m
[0;32mI (58) boot: Partition Table:[0m
[0;32mI (62) boot: ## Label            Usage          Type ST Offset   Length[0m
[0;32mI (69) boot:  0 esp_secure_cert  unknown          3f 06 0000d000 00002000[0m
[0;32mI (76) boot:  1 nvs              WiFi data        01 02 00010000 0000c000[0m
[0;32mI (84) boot:  2 nvs_keys         NVS keys         01 04 0001c000 00001000[0m
[0;32mI (91) boot:  3 otadata          OTA data         01 00 0001d000 00002000[0m
[0;32mI (99) boot:  4 phy_init         RF data          01 01 0001f000 00001000[0m
[0;32mI (106) boot:  5 ota_0            OTA app          00 10 00020000 001e0000[0m
[0;32mI (114) boot:  6 ota_1            OTA app          00 11 00200000 001e0000[0m
[0;32mI (121) boot:  7 fctry            WiFi data        01 02 003e0000 00006000[0m
[0;32mI (129) boot: End of partition table[0m
[0;32mI (133) esp_image: segment 0: paddr=00020020 vaddr=3f400020 size=392a0h (234144) map[0m
[0;32mI (190) esp_image: segment 1: paddr=000592c8 vaddr=3ff80000 size=00004h (     4) load[0m
[0;32mI (190) esp_image: segment 2: paddr=000592d4 vaddr=3ffbdb60 size=056f4h ( 22260) load[0m
[0;32mI (201) esp_image: segment 3: paddr=0005e9d0 vaddr=40080000 size=01648h (  5704) load[0m
[0;32mI (206) esp_image: segment 4: paddr=00060020 vaddr=400d0020 size=fcf8ch (1036172) map[0m
[0;32mI (426) esp_image: segment 5: paddr=0015cfb4 vaddr=40081648 size=1d850h (120912) load[0m
[0;32mI (474) boot: Loaded app from partition at offset 0x20000[0m
[0;32mI (474) boot: Disabling RNG early entropy source...[0m
[0;32mI (485) cpu_start: Multicore app[0m
[0;32mI (486) cpu_start: Pro cpu up.[0m
[0;32mI (486) cpu_start: Starting app cpu, entry point is 0x400814a4[0m
[0;32mI (475) cpu_start: App cpu up.[0m
[0;32mI (506) cpu_start: Pro cpu start user code[0m
[0;32mI (506) cpu_start: cpu freq: 160000000 Hz[0m
[0;32mI (506) cpu_start: Application information:[0m
[0;32mI (511) cpu_start: Project name:     light_relay[0m
[0;32mI (516) cpu_start: App version:      1.0[0m
[0;32mI (520) cpu_start: Compile time:     Aug 30 2023 21:06:40[0m
[0;32mI (527) cpu_start: ELF file SHA256:  aa82a296b7822b36...[0m
[0;32mI (533) cpu_start: ESP-IDF:          v5.1.1[0m
[0;32mI (537) cpu_start: Min chip rev:     v0.0[0m
[0;32mI (542) cpu_start: Max chip rev:     v3.99 [0m
[0;32mI (547) cpu_start: Chip rev:         v3.0[0m
[0;32mI (552) heap_init: Initializing. RAM available for dynamic allocation:[0m
[0;32mI (559) heap_init: At 3FFAFF10 len 000000F0 (0 KiB): DRAM[0m
[0;32mI (565) heap_init: At 3FFB6388 len 00001C78 (7 KiB): DRAM[0m
[0;32mI (571) heap_init: At 3FFB9A20 len 00004108 (16 KiB): DRAM[0m
[0;32mI (577) heap_init: At 3FFD4BE0 len 0000B420 (45 KiB): DRAM[0m
[0;32mI (583) heap_init: At 3FFE0440 len 00003AE0 (14 KiB): D/IRAM[0m
[0;32mI (590) heap_init: At 3FFE4350 len 0001BCB0 (111 KiB): D/IRAM[0m
[0;32mI (596) heap_init: At 4009EE98 len 00001168 (4 KiB): IRAM[0m
[0;32mI (604) spi_flash: detected chip: generic[0m
[0;32mI (607) spi_flash: flash io: dio[0m
[0;32mI (614) coexist: coex firmware version: 80b0d89[0m
[0;32mI (617) app_start: Starting scheduler on CPU0[0m
[0;32[0;32mI (621) app_start: Starting scheduler on CPU1[0m
mI (621) main_task: Started on CPU0[0m
[0;32mI (631) main_task: Calling app_main()[0m
[0;32mI (771) gpio: GPIO[0]| InputEn: 1| OutputEn: 0| OpenDrain: 0| Pullup: 1| Pulldown: 0| Intr:0 [0m
[0;33mW (771) esp_matter_core: Attribute 0x0000FFFD on cluster 0x0000001D already exists. Not creating again.[0m
[0;33mW (781) esp_matter_core: Attribute 0x0000FFFD on cluster 0x0000001F already exists. Not creating again.[0m
[0;31mE (791) esp_matter_attribute: Could not create attribute, string length out of bound[0m
[0;31mE (801) esp_matter_attribute: Could not create attribute, string length out of bound[0m
[0;33mW (811) esp_matter_core: Attribute 0x00000000 on cluster 0x00000030 already exists. Not creating again.[0m
Guru Meditation Error: Core  0 panic'ed (LoadProhibited). Exception was unhandled.

Core  0 register dump:
PC      : 0x400d7a7f  PS      : 0x00060f30  A0      : 0x800d76ed  A1      : 0x3ffbbb40  
A2      : 0x00000000  A3      : 0x3ffbbbe0  A4      : 0x00000000  A5      : 0x00000000  
A6      : 0x3ffc336c  A7      : 0x3f403662  A8      : 0x800dce7c  A9      : 0x3ffbbb70  
A10     : 0x3ffbda70  A11     : 0x3ffbbbe0  A12     : 0x00000000  A13     : 0x3ffbca18  
A14     : 0x3ffcc0fc  A15     : 0x3ffbd9e4  SAR     : 0x0000001d  EXCCAUSE: 0x0000001c  
EXCVADDR: 0x00000000  LBEG    : 0x4000c46c  LEND    : 0x4000c477  LCOUNT  : 0xffffffff  


Backtrace: 0x400d7a7c:0x3ffbbb40 0x400d76ea:0x3ffbbb70 0x400d7841:0x3ffbbbd0 0x401cb34f:0x3ffbbc50 0x40094e35:0x3ffbbc80




ELF file SHA256: aa82a296b7822b36

Rebooting...
ets Jul 29 2019 12:21:46

rst:0xc (SW_CPU_RESET),boot:0x13 (SPI_FAST_FLASH_BOOT)
configsip: 0, SPIWP:0xee
clk_drv:0x00,q_drv:0x00,d_drv:0x00,cs0_drv:0x00,hd_drv:0x00,wp_drv:0x00
mode:DIO, clock div:2
load:0x3fff0030,len:7080
load:0x40078000,len:15584
load:0x40080400,len:4
ho 8 tail 4 room 4
load:0x40080404,len:3876
entry 0x4008064c
[0;32mI (31) boot: ESP-IDF v5.1.1 2nd stage bootloader[0m
[0;32mI (31) boot: compile time Aug 30 2023 21:06:46[0m
[0;32mI (31) boot: Multicore bootloader[0m
[0;32mI (35) boot: chip revision: v3.0[0m
[0;32mI (39) boot.esp32: SPI Speed      : 40MHz[0m
[0;32mI (44) boot.esp32: SPI Mode       : DIO[0m
[0;32mI (48) boot.esp32: SPI Flash Size : 4MB[0m
[0;32mI (53) boot: Enabling RNG early entropy source...[0m
[0;32mI (58) boot: Partition Table:[0m
[0;32mI (62) boot: ## Label            Usage          Type ST Offset   Length[0m
[0;32mI (69) boot:  0 esp_secure_cert  unknown          3f 06 0000d000 00002000[0m
[0;32mI (76) boot:  1 nvs              WiFi data        01 02 00010000 0000c000[0m
[0;32mI (84) boot:  2 nvs_keys         NVS keys         01 04 0001c000 00001000[0m
[0;32mI (91) boot:  3 otadata          OTA data         01 00 0001d000 00002000[0m
[0;32mI (99) boot:  4 phy_init         RF data          01 01 0001f000 00001000[0m
[0;32mI (106) boot:  5 ota_0            OTA app          00 10 00020000 001e0000[0m
[0;32mI (114) boot:  6 ota_1            OTA app          00 11 00200000 001e0000[0m
[0;32mI (121) boot:  7 fctry            WiFi data        01 02 003e0000 00006000[0m
[0;32mI (129) boot: End of partition table[0m
[0;32mI (133) esp_image: segment 0: paddr=00020020 vaddr=3f400020 size=392a0h (234144) map[0m
[0;32mI (190) esp_image: segment 1: paddr=000592c8 vaddr=3ff80000 size=00004h (     4) load[0m
[0;32mI (190) esp_image: segment 2: paddr=000592d4 vaddr=3ffbdb60 size=056f4h ( 22260) load[0m
[0;32mI (201) esp_image: segment 3: paddr=0005e9d0 vaddr=40080000 size=01648h (  5704) load[0m
[0;32mI (206) esp_image: segment 4: paddr=00060020 vaddr=400d0020 size=fcf8ch (1036172) map[0m
[0;32mI (426) esp_image: segment 5: paddr=0015cfb4 vaddr=40081648 size=1d850h (120912) load[0m
[0;32mI (474) boot: Loaded app from partition at offset 0x20000[0m
[0;32mI (474) boot: Disabling RNG early entropy source...[0m
[0;32mI (485) cpu_start: Multicore app[0m
[0;32mI (486) cpu_start: Pro cpu up.[0m
[0;32mI (486) cpu_start: Starting app cpu, entry point is 0x400814a4[0m
[0;32mI (475) cpu_start: App cpu up.[0m
[0;32mI (506) cpu_start: Pro cpu start user code[0m
[0;32mI (506) cpu_start: cpu freq: 160000000 Hz[0m
[0;32mI (506) cpu_start: Application information:[0m
[0;32mI (511) cpu_start: Project name:     light_relay[0m
[0;32mI (516) cpu_start: App version:      1.0[0m
[0;32mI (520) cpu_start: Compile time:     Aug 30 2023 21:06:40[0m
[0;32mI (527) cpu_start: ELF file SHA256:  aa82a296b7822b36...[0m
[0;32mI (533) cpu_start: ESP-IDF:          v5.1.1[0m
[0;32mI (537) cpu_start: Min chip rev:     v0.0[0m
[0;32mI (542) cpu_start: Max chip rev:     v3.99 [0m
[0;32mI (547) cpu_start: Chip rev:         v3.0[0m
[0;32mI (552) heap_init: Initializing. RAM available for dynamic allocation:[0m
[0;32mI (559) heap_init: At 3FFAFF10 len 000000F0 (0 KiB): DRAM[0m
[0;32mI (565) heap_init: At 3FFB6388 len 00001C78 (7 KiB): DRAM[0m
[0;32mI (571) heap_init: At 3FFB9A20 len 00004108 (16 KiB): DRAM[0m
[0;32mI (577) heap_init: At 3FFD4BE0 len 0000B420 (45 KiB): DRAM[0m
[0;32mI (583) heap_init: At 3FFE0440 len 00003AE0 (14 KiB): D/IRAM[0m
[0;32mI (590) heap_init: At 3FFE4350 len 0001BCB0 (111 KiB): D/IRAM[0m
[0;32mI (596) heap_init: At 4009EE98 len 00001168 (4 KiB): IRAM[0m
[0;32mI (604) spi_flash: detected chip: generic[0m
[0;32mI (607) spi_flash: flash io: dio[0m
[0;32mI (614) coexist: coex firmware version: 80b0d89[0m
[0;32mI (617) app_start: Starting scheduler on CPU0[0m
[0;32[0;32mI (621) app_start: Starting scheduler on CPU1[0m
mI (621) main_task: Started on CPU0[0m
[0;32mI (631) main_task: Calling app_main()[0m
[0;32mI (771) gpio: GPIO[0]| InputEn: 1| OutputEn: 0| OpenDrain: 0| Pullup: 1| Pulldown: 0| Intr:0 [0m
[0;33mW (771) esp_matter_core: Attribute 0x0000FFFD on cluster 0x0000001D already exists. Not creating again.[0m
[0;33mW (781) esp_matter_core: Attribute 0x0000FFFD on cluster 0x0000001F already exists. Not creating again.[0m
[0;31mE (791) esp_matter_attribute: Could not create attribute, string length out of bound[0m
[0;31mE (801) esp_matter_attribute: Could not create attribute, string length out of bound[0m
[0;33mW (811) esp_matter_core: Attribute 0x00000000 on cluster 0x00000030 already exists. Not creating again.[0m
Guru Meditation Error: Core  0 panic'ed (LoadProhibited). Exception was unhandled.

Core  0 register dump:
PC      : 0x400d7a7f  PS      : 0x00060f30  A0      : 0x800d76ed  A1      : 0x3ffbbb40  
A2      : 0x00000000  A3      : 0x3ffbbbe0  A4      : 0x00000000  A5      : 0x00000000  
A6      : 0x3ffc336c  A7      : 0x3f403662  A8      : 0x800dce7c  A9      : 0x3ffbbb70  
A10     : 0x3ffbda70  A11     : 0x3ffbbbe0  A12     : 0x00000000  A13     : 0x3ffbca18  
A14     : 0x3ffcc0fc  A15     : 0x3ffbd9e4  SAR     : 0x0000001d  EXCCAUSE: 0x0000001c  
EXCVADDR: 0x00000000  LBEG    : 0x4000c46c  LEND    : 0x4000c477  LCOUNT  : 0xffffffff  


Backtrace: 0x400d7a7c:0x3ffbbb40 0x400d76ea:0x3ffbbb70 0x400d7841:0x3ffbbbd0 0x401cb34f:0x3ffbbc50 0x40094e35:0x3ffbbc80




ELF file SHA256: aa82a296b7822b36

Rebooting...
ets Jul 29 2019 12:21:46

rst:0xc (SW_CPU_RESET),boot:0x13 (SPI_FAST_FLASH_BOOT)
configsip: 0, SPIWP:0xee
clk_drv:0x00,q_drv:0x00,d_drv:0x00,cs0_drv:0x00,hd_drv:0x00,wp_drv:0x00
mode:DIO, clock div:2
load:0x3fff0030,len:7080
load:0x40078000,len:15584
load:0x40080400,len:4
ho 8 tail 4 room 4
load:0x40080404,len:3876
entry 0x4008064c
[0;32mI (31) boot: ESP-IDF v5.1.1 2nd stage bootloader[0m
[0;32mI (31) boot: compile time Aug 30 2023 21:06:46[0m
[0;32mI (31) boot: Multicore bootloader[0m
[0;32mI (35) boot: chip revision: v3.0[0m
[0;32mI (39) boot.esp32: SPI Speed      : 40MHz[0m
[0;32mI (44) boot.esp32: SPI Mode       : DIO[0m
[0;32mI (48) boot.esp32: SPI Flash Size : 4MB[0m
[0;32mI (53) boot: Enabling RNG early entropy source...[0m
[0;32mI (58) boot: Partition Table:[0m
[0;32mI (62) boot: ## Label            Usage          Type ST Offset   Length[0m
[0;32mI (69) boot:  0 esp_secure_cert  unknown          3f 06 0000d000 00002000[0m
[0;32mI (76) boot:  1 nvs              WiFi data        01 02 00010000 0000c000[0m
[0;32mI (84) boot:  2 nvs_keys         NVS keys         01 04 0001c000 00001000[0m
[0;32mI (91) boot:  3 otadata          OTA data         01 00 0001d000 00002000[0m
[0;32mI (99) boot:  4 phy_init         RF data          01 01 0001f000 00001000[0m
[0;32mI (106) boot:  5 ota_0            OTA app          00 10 00020000 001e0000[0m
[0;32mI (114) boot:  6 ota_1            OTA app          00 11 00200000 001e0000[0m
[0;32mI (121) boot:  7 fctry            WiFi data        01 02 003e0000 00006000[0m
[0;32mI (129) boot: End of partition table[0m
[0;32mI (133) esp_image: segment 0: paddr=00020020 vaddr=3f400020 size=392a0h (234144) map[0m
[0;32mI (190) esp_image: segment 1: paddr=000592c8 vaddr=3ff80000 size=00004h (     4) load[0m
[0;32mI (190) esp_image: segment 2: paddr=000592d4 vaddr=3ffbdb60 size=056f4h ( 22260) load[0m
[0;32mI (201) esp_image: segment 3: paddr=0005e9d0 vaddr=40080000 size=01648h (  5704) load[0m
[0;32mI (206) esp_image: segment 4: paddr=00060020 vaddr=400d0020 size=fcf8ch (1036172) map[0m
[0;32mI (426) esp_image: segment 5: paddr=0015cfb4 vaddr=40081648 size=1d850h (120912) load[0m
[0;32mI (474) boot: Loaded app from partition at offset 0x20000[0m
[0;32mI (474) boot: Disabling RNG early entropy source...[0m
[0;32mI (485) cpu_start: Multicore app[0m
[0;32mI (486) cpu_start: Pro cpu up.[0m
[0;32mI (486) cpu_start: Starting app cpu, entry point is 0x400814a4[0m
[0;32mI (475) cpu_start: App cpu up.[0m
[0;32mI (506) cpu_start: Pro cpu start user code[0m
[0;32mI (506) cpu_start: cpu freq: 160000000 Hz[0m
[0;32mI (506) cpu_start: Application information:[0m
[0;32mI (511) cpu_start: Project name:     light_relay[0m
[0;32mI (516) cpu_start: App version:      1.0[0m
[0;32mI (520) cpu_start: Compile time:     Aug 30 2023 21:06:40[0m
[0;32mI (527) cpu_start: ELF file SHA256:  aa82a296b7822b36...[0m
[0;32mI (533) cpu_start: ESP-IDF:          v5.1.1[0m
[0;32mI (537) cpu_start: Min chip rev:     v0.0[0m
[0;32mI (542) cpu_start: Max chip rev:     v3.99 [0m
[0;32mI (547) cpu_start: Chip rev:         v3.0[0m
[0;32mI (552) heap_init: Initializing. RAM available for dynamic allocation:[0m
[0;32mI (559) heap_init: At 3FFAFF10 len 000000F0 (0 KiB): DRAM[0m
[0;32mI (565) heap_init: At 3FFB6388 len 00001C78 (7 KiB): DRAM[0m
[0;32mI (571) heap_init: At 3FFB9A20 len 00004108 (16 KiB): DRAM[0m
[0;32mI (577) heap_init: At 3FFD4BE0 len 0000B420 (45 KiB): DRAM[0m
[0;32mI (583) heap_init: At 3FFE0440 len 00003AE0 (14 KiB): D/IRAM[0m
[0;32mI (590) heap_init: At 3FFE4350 len 0001BCB0 (111 KiB): D/IRAM[0m
[0;32mI (596) heap_init: At 4009EE98 len 00001168 (4 KiB): IRAM[0m
[0;32mI (604) spi_flash: detected chip: generic[0m
[0;32mI (607) spi_flash: flash io: dio[0m
[0;32mI (614) coexist: coex firmware version: 80b0d89[0m
[0;32mI (617) app_start: Starting scheduler on CPU0[0m
[0;32[0;32mI (621) app_start: Starting scheduler on CPU1[0m
mI (621) main_task: Started on CPU0[0m
[0;32mI (631) main_task: Calling app_main()[0m
[0;32mI (771) gpio: GPIO[0]| InputEn: 1| OutputEn: 0| OpenDrain: 0| Pullup: 1| Pulldown: 0| Intr:0 [0m
[0;33mW (771) esp_matter_core: Attribute 0x0000FFFD on cluster 0x0000001D already exists. Not creating again.[0m
[0;33mW (781) esp_matter_core: Attribute 0x0000FFFD on cluster 0x0000001F already exists. Not creating again.[0m
[0;31mE (791) esp_matter_attribute: Could not create attribute, string length out of bound[0m
[0;31mE (801) esp_matter_attribute: Could not create attribute, string length out of bound[0m
[0;33mW (811) esp_matter_core: Attribute 0x00000000 on cluster 0x00000030 already exists. Not creating again.[0m
Guru Meditation Error: Core  0 panic'ed (LoadProhibited). Exception was unhandled.

Core  0 register dump:
PC      : 0x400d7a7f  PS      : 0x00060330  A0      : 0x800d76ed  A1      : 0x3ffbbb40  
A2      : 0x00000000  A3      : 0x3ffbbbe0  A4      : 0x00000000  A5      : 0x00000000  
A6      : 0x3ffc336c  A7      : 0x3f403662  A8      : 0x800dce7c  A9      : 0x3ffbbb70  
A10     : 0x3ffbda70  A11     : 0x3ffbbbe0  A12     : 0x00000000  A13     : 0x3ffbca18  
A14     : 0x3ffcc0fc  A15     : 0x3ffbd9e4  SAR     : 0x0000001d  EXCCAUSE: 0x0000001c  
EXCVADDR: 0x00000000  LBEG    : 0x4000c46c  LEND    : 0x4000c477  LCOUNT  : 0xffffffff  


Backtrace: 0x400d7a7c:0x3ffbbb40 0x400d76ea:0x3ffbbb70 0x400d7841:0x3ffbbbd0 0x401cb34f:0x3ffbbc50 0x40094e35:0x3ffbbc80




ELF file SHA256: aa82a296b7822b36

Rebooting...
ets Jul 29 2019 12:21:46

rst:0xc (SW_CPU_RESET),boot:0x13 (SPI_FAST_FLASH_BOOT)
configsip: 0, SPIWP:0xee
clk_drv:0x00,q_drv:0x00,d_drv:0x00,cs0_drv:0x00,hd_drv:0x00,wp_drv:0x00
mode:DIO, clock div:2
load:0x3fff0030,len:7080
load:0x40078000,len:15584
load:0x40080400,len:4
ho 8 tail 4 room 4
load:0x40080404,len:3876
entry 0x4008064c
[0;32mI (31) boot: ESP-IDF v5.1.1 2nd stage bootloader[0m
[0;32mI (31) boot: compile time Aug 30 2023 21:06:46[0m
[0;32mI (31) boot: Multicore bootloader[0m
[0;32mI (35) boot: chip revision: v3.0[0m
[0;32mI (39) boot.esp32: SPI Speed      : 40MHz[0m
[0;32mI (44) boot.esp32: SPI Mode       : DIO[0m
[0;32mI (48) boot.esp32: SPI Flash Size : 4MB[0m
[0;32mI (53) boot: Enabling RNG early entropy source...[0m
[0;32mI (58) boot: Partition Table:[0m
[0;32mI (62) boot: ## Label            Usage          Type ST Offset   Length[0m
[0;32mI (69) boot:  0 esp_secure_cert  unknown          3f 06 0000d000 00002000[0m
[0;32mI (76) boot:  1 nvs              WiFi data        01 02 00010000 0000c000[0m
[0;32mI (84) boot:  2 nvs_keys         NVS keys         01 04 0001c000 00001000[0m
[0;32mI (91) boot:  3 otadata          OTA data         01 00 0001d000 00002000[0m
[0;32mI (99) boot:  4 phy_init         RF data          01 01 0001f000 00001000[0m
[0;32mI (106) boot:  5 ota_0            OTA app          00 10 00020000 001e0000[0m
[0;32mI (114) boot:  6 ota_1            OTA app          00 11 00200000 001e0000[0m
[0;32mI (121) boot:  7 fctry            WiFi data        01 02 003e0000 00006000[0m
[0;32mI (129) boot: End of partition table[0m
[0;32mI (133) esp_image: segment 0: paddr=00020020 vaddr=3f400020 size=392a0h (234144) map[0m
[0;32mI (190) esp_image: segment 1: paddr=000592c8 vaddr=3ff80000 size=00004h (     4) load[0m
[0;32mI (190) esp_image: segment 2: paddr=000592d4 vaddr=3ffbdb60 size=056f4h ( 22260) load[0m
[0;32mI (201) esp_image: segment 3: paddr=0005e9d0 vaddr=40080000 size=01648h (  5704) load[0m
[0;32mI (206) esp_image: segment 4: paddr=00060020 vaddr=400d0020 size=fcf8ch (1036172) map[0m
[0;32mI (426) esp_image: segment 5: paddr=0015cfb4 vaddr=40081648 size=1d850h (120912) load[0m
[0;32mI (474) boot: Loaded app from partition at offset 0x20000[0m
[0;32mI (474) boot: Disabling RNG early entropy source...[0m
[0;32mI (485) cpu_start: Multicore app[0m
[0;32mI (486) cpu_start: Pro cpu up.[0m
[0;32mI (486) cpu_start: Starting app cpu, entry point is 0x400814a4[0m
[0;32mI (475) cpu_start: App cpu up.[0m
[0;32mI (506) cpu_start: Pro cpu start user code[0m
[0;32mI (506) cpu_start: cpu freq: 160000000 Hz[0m
[0;32mI (506) cpu_start: Application information:[0m
[0;32mI (511) cpu_start: Project name:     light_relay[0m
[0;32mI (516) cpu_start: App version:      1.0[0m
[0;32mI (520) cpu_start: Compile time:     Aug 30 2023 21:06:40[0m
[0;32mI (527) cpu_start: ELF file SHA256:  aa82a296b7822b36...[0m
[0;32mI (533) cpu_start: ESP-IDF:          v5.1.1[0m
[0;32mI (537) cpu_start: Min chip rev:     v0.0[0m
[0;32mI (542) cpu_start: Max chip rev:     v3.99 [0m
[0;32mI (547) cpu_start: Chip rev:         v3.0[0m
[0;32mI (552) heap_init: Initializing. RAM available for dynamic allocation:[0m
[0;32mI (559) heap_init: At 3FFAFF10 len 000000F0 (0 KiB): DRAM[0m
[0;32mI (565) heap_init: At 3FFB6388 len 00001C78 (7 KiB): DRAM[0m
[0;32mI (571) heap_init: At 3FFB9A20 len 00004108 (16 KiB): DRAM[0m
[0;32mI (577) heap_init: At 3FFD4BE0 len 0000B420 (45 KiB): DRAM[0m
[0;32mI (583) heap_init: At 3FFE0440 len 00003AE0 (14 KiB): D/IRAM[0m
[0;32mI (590) heap_init: At 3FFE4350 len 0001BCB0 (111 KiB): D/IRAM[0m
[0;32mI (596) heap_init: At 4009EE98 len 00001168 (4 KiB): IRAM[0m
[0;32mI (604) spi_flash: detected chip: generic[0m
[0;32mI (607) spi_flash: flash io: dio[0m
[0;32mI (614) coexist: coex firmware version: 80b0d89[0m
[0;32mI (617) app_start: Starting scheduler on CPU0[0m
[0;32[0;32mI (621) app_start: Starting scheduler on CPU1[0m
mI (621) main_task: Started on CPU0[0m
[0;32mI (631) main_task: Calling app_main()[0m
[0;32mI (771) gpio: GPIO[0]| InputEn: 1| OutputEn: 0| OpenDrain: 0| Pullup: 1| Pulldown: 0| Intr:0 [0m
[0;33mW (771) esp_matter_core: Attribute 0x0000FFFD on cluster 0x0000001D already exists. Not creating again.[0m
[0;33mW (781) esp_matter_core: Attribute 0x0000FFFD on cluster 0x0000001F already exists. Not creating again.[0m
[0;31mE (791) esp_matter_attribute: Could not create attribute, string length out of bound[0m
[0;31mE (801) esp_matter_attribute: Could not create attribute, string length out of bound[0m
[0;33mW (811) esp_matter_core: Attribute 0x00000000 on cluster 0x00000030 already exists. Not creating again.[0m
Guru Meditation Error: Core  0 panic'ed (LoadProhibited). Exception was unhandled.

Core  0 register dump:
PC      : 0x400d7a7f  PS      : 0x00060f30  A0      : 0x800d76ed  A1      : 0x3ffbbb40  
A2      : 0x00000000  A3      : 0x3ffbbbe0  A4      : 0x00000000  A5      : 0x00000000  
A6      : 0x3ffc336c  A7      : 0x3f403662  A8      : 0x800dce7c  A9      : 0x3ffbbb70  
A10     : 0x3ffbda70  A11     : 0x3ffbbbe0  A12     : 0x00000000  A13     : 0x3ffbca18  
A14     : 0x3ffcc0fc  A15     : 0x3ffbd9e4  SAR     : 0x0000001d  EXCCAUSE: 0x0000001c  
EXCVADDR: 0x00000000  LBEG    : 0x4000c46c  LEND    : 0x4000c477  LCOUNT  : 0xffffffff  


Backtrace: 0x400d7a7c:0x3ffbbb40 0x400d76ea:0x3ffbbb70 0x400d7841:0x3ffbbbd0 0x401cb34f:0x3ffbbc50 0x40094e35:0x3ffbbc80




ELF file SHA256: aa82a296b7822b36

Rebooting...
ets Jul 29 2019 12:21:46

rst:0xc (SW_CPU_RESET),boot:0x13 (SPI_FAST_FLASH_BOOT)
configsip: 0, SPIWP:0xee
clk_drv:0x00,q_drv:0x00,d_drv:0x00,cs0_drv:0x00,hd_drv:0x00,wp_drv:0x00
mode:DIO, clock div:2
load:0x3fff0030,len:7080
load:0x40078000,len:15584
load:0x40080400,len:4
ho 8 tail 4 room 4
load:0x40080404,len:3876
entry 0x4008064c
[0;32mI (31) boot: ESP-IDF v5.1.1 2nd stage bootloader[0m
[0;32mI (31) boot: compile time Aug 30 2023 21:06:46[0m
[0;32mI (31) boot: Multicore bootloader[0m
[0;32mI (35) boot: chip revision: v3.0[0m
[0;32mI (39) boot.esp32: SPI Speed      : 40MHz[0m
[0;32mI (44) boot.esp32: SPI Mode       : DIO[0m
[0;32mI (48) boot.esp32: SPI Flash Size : 4MB[0m
[0;32mI (53) boot: Enabling RNG early entropy source...[0m
[0;32mI (58) boot: Partition Table:[0m
[0;32mI (62) boot: ## Label            Usage          Type ST Offset   Length[0m
[0;32mI (69) boot:  0 esp_secure_cert  unknown          3f 06 0000d000 00002000[0m
[0;32mI (76) boot:  1 nvs              WiFi data        01 02 00010000 0000c000[0m
[0;32mI (84) boot:  2 nvs_keys         NVS keys         01 04 0001c000 00001000[0m
[0;32mI (91) boot:  3 otadata          OTA data         01 00 0001d000 00002000[0m
[0;32mI (99) boot:  4 phy_init         RF data          01 01 0001f000 00001000[0m
[0;32mI (106) boot:  5 ota_0            OTA app          00 10 00020000 001e0000[0m
[0;32mI (114) boot:  6 ota_1            OTA app          00 11 00200000 001e0000[0m
[0;32mI (121) boot:  7 fctry            WiFi data        01 02 003e0000 00006000[0m
[0;32mI (129) boot: End of partition table[0m
[0;32mI (133) esp_image: segment 0: paddr=00020020 vaddr=3f400020 size=392a0h (234144) map[0m
[0;32mI (190) esp_image: segment 1: paddr=000592c8 vaddr=3ff80000 size=00004h (     4) load[0m
[0;32mI (190) esp_image: segment 2: paddr=000592d4 vaddr=3ffbdb60 size=056f4h ( 22260) load[0m
[0;32mI (201) esp_image: segment 3: paddr=0005e9d0 vaddr=40080000 size=01648h (  5704) load[0m
[0;32mI (206) esp_image: segment 4: paddr=00060020 vaddr=400d0020 size=fcf8ch (1036172) map[0m
[0;32mI (426) esp_image: segment 5: paddr=0015cfb4 vaddr=40081648 size=1d850h (120912) load[0m
[0;32mI (474) boot: Loaded app from partition at offset 0x20000[0m
[0;32mI (474) boot: Disabling RNG early entropy source...[0m
[0;32mI (485) cpu_start: Multicore app[0m
[0;32mI (486) cpu_start: Pro cpu up.[0m
[0;32mI (486) cpu_start: Starting app cpu, entry point is 0x400814a4[0m
[0;32mI (475) cpu_start: App cpu up.[0m
[0;32mI (506) cpu_start: Pro cpu start user code[0m
[0;32mI (506) cpu_start: cpu freq: 160000000 Hz[0m
[0;32mI (506) cpu_start: Application information:[0m
[0;32mI (511) cpu_start: Project name:     light_relay[0m
[0;32mI (516) cpu_start: App version:      1.0[0m
[0;32mI (520) cpu_start: Compile time:     Aug 30 2023 21:06:40[0m
[0;32mI (527) cpu_start: ELF file SHA256:  aa82a296b7822b36...[0m
[0;32mI (533) cpu_start: ESP-IDF:          v5.1.1[0m
[0;32mI (537) cpu_start: Min chip rev:     v0.0[0m
[0;32mI (542) cpu_start: Max chip rev:     v3.99 [0m
[0;32mI (547) cpu_start: Chip rev:         v3.0[0m
[0;32mI (552) heap_init: Initializing. RAM available for dynamic allocation:[0m
[0;32mI (559) heap_init: At 3FFAFF10 len 000000F0 (0 KiB): DRAM[0m
[0;32mI (565) heap_init: At 3FFB6388 len 00001C78 (7 KiB): DRAM[0m
[0;32mI (571) heap_init: At 3FFB9A20 len 00004108 (16 KiB): DRAM[0m
[0;32mI (577) heap_init: At 3FFD4BE0 len 0000B420 (45 KiB): DRAM[0m
[0;32mI (583) heap_init: At 3FFE0440 len 00003AE0 (14 KiB): D/IRAM[0m
[0;32mI (590) heap_init: At 3FFE4350 len 0001BCB0 (111 KiB): D/IRAM[0m
[0;32mI (596) heap_init: At 4009EE98 len 00001168 (4 KiB): IRAM[0m
[0;32mI (604) spi_flash: detected chip: generic[0m
[0;32mI (607) spi_flash: flash io: dio[0m
[0;32mI (614) coexist: coex firmware version: 80b0d89[0m
[0;32mI (617) app_start: Starting scheduler on CPU0[0m
[0;32[0;32mI (621) app_start: Starting scheduler on CPU1[0m
mI (621) main_task: Started on CPU0[0m
[0;32mI (631) main_task: Calling app_main()[0m
[0;32mI (771) gpio: GPIO[0]| InputEn: 1| OutputEn: 0| OpenDrain: 0| Pullup: 1| Pulldown: 0| Intr:0 [0m
[0;33mW (771) esp_matter_core: Attribute 0x0000FFFD on cluster 0x0000001D already exists. Not creating again.[0m
[0;33mW (781) esp_matter_core: Attribute 0x0000FFFD on cluster 0x0000001F already exists. Not creating again.[0m
[0;31mE (791) esp_matter_attribute: Could not create attribute, string length out of bound[0m
[0;31mE (801) esp_matter_attribute: Could not create attribute, string length out of bound[0m
[0;33mW (811) esp_matter_core: Attribute 0x00000000 on cluster 0x00000030 already exists. Not creating again.[0m
Guru Meditation Error: Core  0 panic'ed (LoadProhibited). Exception was unhandled.

Core  0 register dump:
PC      : 0x400d7a7f  PS      : 0x00060f30  A0      : 0x800d76ed  A1      : 0x3ffbbb40  
A2      : 0x00000000  A3      : 0x3ffbbbe0  A4      : 0x00000000  A5      : 0x00000000  
A6      : 0x3ffc336c  A7      : 0x3f403662  A8      : 0x800dce7c  A9      : 0x3ffbbb70  
A10     : 0x3ffbda70  A11     : 0x3ffbbbe0  A12     : 0x00000000  A13     : 0x3ffbca18  
A14     : 0x3ffcc0fc  A15     : 0x3ffbd9e4  SAR     : 0x0000001d  EXCCAUSE: 0x0000001c  
EXCVADDR: 0x00000000  LBEG    : 0x4000c46c  LEND    : 0x4000c477  LCOUNT  : 0xffffffff  


Backtrace: 0x400d7a7c:0x3ffbbb40 0x400d76ea:0x3ffbbb70 0x400d7841:0x3ffbbbd0 0x401cb34f:0x3ffbbc50 0x40094e35:0x3ffbbc80




ELF file SHA256: aa82a296b7822b36

Rebooting...
ets Jul 29 2019 12:21:46

rst:0xc (SW_CPU_RESET),boot:0x13 (SPI_FAST_FLASH_BOOT)
configsip: 0, SPIWP:0xee
clk_drv:0x00,q_drv:0x00,d_drv:0x00,cs0_drv:0x00,hd_drv:0x00,wp_drv:0x00
mode:DIO, clock div:2
load:0x3fff0030,len:7080
load:0x40078000,len:15584
load:0x40080400,len:4
ho 8 tail 4 room 4
load:0x40080404,len:3876
entry 0x4008064c
[0;32mI (31) boot: ESP-IDF v5.1.1 2nd stage bootloader[0m
[0;32mI (31) boot: compile time Aug 30 2023 21:06:46[0m
[0;32mI (31) boot: Multicore bootloader[0m
[0;32mI (35) boot: chip revision: v3.0[0m
[0;32mI (39) boot.esp32: SPI Speed      : 40MHz[0m
[0;32mI (44) boot.esp32: SPI Mode       : DIO[0m
[0;32mI (48) boot.esp32: SPI Flash Size : 4MB[0m
[0;32mI (53) boot: Enabling RNG early entropy source...[0m
[0;32mI (58) boot: Partition Table:[0m
[0;32mI (62) boot: ## Label            Usage          Type ST Offset   Length[0m
[0;32mI (69) boot:  0 esp_secure_cert  unknown          3f 06 0000d000 00002000[0m
[0;32mI (76) boot:  1 nvs              WiFi data        01 02 00010000 0000c000[0m
[0;32mI (84) boot:  2 nvs_keys         NVS keys         01 04 0001c000 00001000[0m
[0;32mI (91) boot:  3 otadata          OTA data         01 00 0001d000 00002000[0m
[0;32mI (99) boot:  4 phy_init         RF data          01 01 0001f000 00001000[0m
[0;32mI (106) boot:  5 ota_0            OTA app          00 10 00020000 001e0000[0m
[0;32mI (114) boot:  6 ota_1            OTA app          00 11 00200000 001e0000[0m
[0;32mI (121) boot:  7 fctry            WiFi data        01 02 003e0000 00006000[0m
[0;32mI (129) boot: End of partition table[0m
[0;32mI (133) esp_image: segment 0: paddr=00020020 vaddr=3f400020 size=392a0h (234144) map[0m
[0;32mI (190) esp_image: segment 1: paddr=000592c8 vaddr=3ff80000 size=00004h (     4) load[0m
[0;32mI (190) esp_image: segment 2: paddr=000592d4 vaddr=3ffbdb60 size=056f4h ( 22260) load[0m
[0;32mI (201) esp_image: segment 3: paddr=0005e9d0 vaddr=40080000 size=01648h (  5704) load[0m
[0;32mI (206) esp_image: segment 4: paddr=00060020 vaddr=400d0020 size=fcf8ch (1036172) map[0m
[0;32mI (426) esp_image: segment 5: paddr=0015cfb4 vaddr=40081648 size=1d850h (120912) load[0m
[0;32mI (474) boot: Loaded app from partition at offset 0x20000[0m
[0;32mI (474) boot: Disabling RNG early entropy source...[0m
[0;32mI (485) cpu_start: Multicore app[0m
[0;32mI (486) cpu_start: Pro cpu up.[0m
[0;32mI (486) cpu_start: Starting app cpu, entry point is 0x400814a4[0m
[0;32mI (475) cpu_start: App cpu up.[0m
[0;32mI (506) cpu_start: Pro cpu start user code[0m
[0;32mI (506) cpu_start: cpu freq: 160000000 Hz[0m
[0;32mI (506) cpu_start: Application information:[0m
[0;32mI (511) cpu_start: Project name:     light_relay[0m
[0;32mI (516) cpu_start: App version:      1.0[0m
[0;32mI (520) cpu_start: Compile time:     Aug 30 2023 21:06:40[0m
[0;32mI (527) cpu_start: ELF file SHA256:  aa82a296b7822b36...[0m
[0;32mI (533) cpu_start: ESP-IDF:          v5.1.1[0m
[0;32mI (537) cpu_start: Min chip rev:     v0.0[0m
[0;32mI (542) cpu_start: Max chip rev:     v3.99 [0m
[0;32mI (547) cpu_start: Chip rev:         v3.0[0m
[0;32mI (552) heap_init: Initializing. RAM available for dynamic allocation:[0m
[0;32mI (559) heap_init: At 3FFAFF10 len 000000F0 (0 KiB): DRAM[0m
[0;32mI (565) heap_init: At 3FFB6388 len 00001C78 (7 KiB): DRAM[0m
[0;32mI (571) heap_init: At 3FFB9A20 len 00004108 (16 KiB): DRAM[0m
[0;32mI (577) heap_init: At 3FFD4BE0 len 0000B420 (45 KiB): DRAM[0m
[0;32mI (583) heap_init: At 3FFE0440 len 00003AE0 (14 KiB): D/IRAM[0m
[0;32mI (590) heap_init: At 3FFE4350 len 0001BCB0 (111 KiB): D/IRAM[0m
[0;32mI (596) heap_init: At 4009EE98 len 00001168 (4 KiB): IRAM[0m
[0;32mI (604) spi_flash: detected chip: generic[0m
[0;32mI (607) spi_flash: flash io: dio[0m
[0;32mI (614) coexist: coex firmware version: 80b0d89[0m
[0;32mI (617) app_start: Starting scheduler on CPU0[0m
[0;32[0;32mI (621) app_start: Starting scheduler on CPU1[0m
mI (621) main_task: Started on CPU0[0m
[0;32mI (631) main_task: Calling app_main()[0m
[0;32mI (771) gpio: GPIO[0]| InputEn: 1| OutputEn: 0| OpenDrain: 0| Pullup: 1| Pulldown: 0| Intr:0 [0m
[0;33mW (771) esp_matter_core: Attribute 0x0000FFFD on cluster 0x0000001D already exists. Not creating again.[0m
[0;33mW (781) esp_matter_core: Attribute 0x0000FFFD on cluster 0x0000001F already exists. Not creating again.[0m
[0;31mE (791) esp_matter_attribute: Could not create attribute, string length out of bound[0m
[0;31mE (801) esp_matter_attribute: Could not create attribute, string length out of bound[0m
[0;33mW (811) esp_matter_core: Attribute 0x00000000 on cluster 0x00000030 already exists. Not creating again.[0m
Guru Meditation Error: Core  0 panic'ed (LoadProhibited). Exception was unhandled.

Core  0 register dump:
PC      : 0x400d7a7f  PS      : 0x00060f30  A0      : 0x800d76ed  A1      : 0x3ffbbb40  
A2      : 0x00000000  A3      : 0x3ffbbbe0  A4      : 0x00000000  A5      : 0x00000000  
A6      : 0x3ffc336c  A7      : 0x3f403662  A8      : 0x800dce7c  A9      : 0x3ffbbb70  
A10     : 0x3ffbda70  A11     : 0x3ffbbbe0  A12     : 0x00000000  A13     : 0x3ffbca18  
A14     : 0x3ffcc0fc  A15     : 0x3ffbd9e4  SAR     : 0x0000001d  EXCCAUSE: 0x0000001c  
EXCVADDR: 0x00000000  LBEG    : 0x4000c46c  LEND    : 0x4000c477  LCOUNT  : 0xffffffff  


Backtrace: 0x400d7a7c:0x3ffbbb40 0x400d76ea:0x3ffbbb70 0x400d7841:0x3ffbbbd0 0x401cb34f:0x3ffbbc50 0x40094e35:0x3ffbbc80




ELF file SHA256: aa82a296b7822b36

Rebooting...
ets Jul 29 2019 12:21:46

rst:0xc (SW_CPU_RESET),boot:0x13 (SPI_FAST_FLASH_BOOT)
configsip: 0, SPIWP:0xee
clk_drv:0x00,q_drv:0x00,d_drv:0x00,cs0_drv:0x00,hd_drv:0x00,wp_drv:0x00
mode:DIO, clock div:2
load:0x3fff0030,len:7080
load:0x40078000,len:15584
load:0x40080400,len:4
ho 8 tail 4 room 4
load:0x40080404,len:3876
entry 0x4008064c
[0;32mI (31) boot: ESP-IDF v5.1.1 2nd stage bootloader[0m
[0;32mI (31) boot: compile time Aug 30 2023 21:06:46[0m
[0;32mI (31) boot: Multicore bootloader[0m
[0;32mI (35) boot: chip revision: v3.0[0m
[0;32mI (39) boot.esp32: SPI Speed      : 40MHz[0m
[0;32mI (44) boot.esp32: SPI Mode       : DIO[0m
[0;32mI (48) boot.esp32: SPI Flash Size : 4MB[0m
[0;32mI (53) boot: Enabling RNG early entropy source...[0m
[0;32mI (58) boot: Partition Table:[0m
[0;32mI (62) boot: ## Label            Usage          Type ST Offset   Length[0m
[0;32mI (69) boot:  0 esp_secure_cert  unknown          3f 06 0000d000 00002000[0m
[0;32mI (76) boot:  1 nvs              WiFi data        01 02 00010000 0000c000[0m
[0;32mI (84) boot:  2 nvs_keys         NVS keys         01 04 0001c000 00001000[0m
[0;32mI (91) boot:  3 otadata          OTA data         01 00 0001d000 00002000[0m
[0;32mI (99) boot:  4 phy_init         RF data          01 01 0001f000 00001000[0m
[0;32mI (106) boot:  5 ota_0            OTA app          00 10 00020000 001e0000[0m
[0;32mI (114) boot:  6 ota_1            OTA app          00 11 00200000 001e0000[0m
[0;32mI (121) boot:  7 fctry            WiFi data        01 02 003e0000 00006000[0m
[0;32mI (129) boot: End of partition table[0m
[0;32mI (133) esp_image: segment 0: paddr=00020020 vaddr=3f400020 size=392a0h (234144) map[0m
[0;32mI (190) esp_image: segment 1: paddr=000592c8 vaddr=3ff80000 size=00004h (     4) load[0m
[0;32mI (190) esp_image: segment 2: paddr=000592d4 vaddr=3ffbdb60 size=056f4h ( 22260) load[0m
[0;32mI (201) esp_image: segment 3: paddr=0005e9d0 vaddr=40080000 size=01648h (  5704) load[0m
[0;32mI (206) esp_image: segment 4: paddr=00060020 vaddr=400d0020 size=fcf8ch (1036172) map[0m
[0;32mI (426) esp_image: segment 5: paddr=0015cfb4 vaddr=40081648 size=1d850h (120912) load[0m
[0;32mI (474) boot: Loaded app from partition at offset 0x20000[0m
[0;32mI (474) boot: Disabling RNG early entropy source...[0m
[0;32mI (485) cpu_start: Multicore app[0m
[0;32mI (486) cpu_start: Pro cpu up.[0m
[0;32mI (486) cpu_start: Starting app cpu, entry point is 0x400814a4[0m
[0;32mI (475) cpu_start: App cpu up.[0m
[0;32mI (506) cpu_start: Pro cpu start user code[0m
[0;32mI (506) cpu_start: cpu freq: 160000000 Hz[0m
[0;32mI (506) cpu_start: Application information:[0m
[0;32mI (511) cpu_start: Project name:     light_relay[0m
[0;32mI (516) cpu_start: App version:      1.0[0m
[0;32mI (520) cpu_start: Compile time:     Aug 30 2023 21:06:40[0m
[0;32mI (527) cpu_start: ELF file SHA256:  aa82a296b7822b36...[0m
[0;32mI (533) cpu_start: ESP-IDF:          v5.1.1[0m
[0;32mI (537) cpu_start: Min chip rev:     v0.0[0m
[0;32mI (542) cpu_start: Max chip rev:     v3.99 [0m
[0;32mI (547) cpu_start: Chip rev:         v3.0[0m
[0;32mI (552) heap_init: Initializing. RAM available for dynamic allocation:[0m
[0;32mI (559) heap_init: At 3FFAFF10 len 000000F0 (0 KiB): DRAM[0m
[0;32mI (565) heap_init: At 3FFB6388 len 00001C78 (7 KiB): DRAM[0m
[0;32mI (571) heap_init: At 3FFB9A20 len 00004108 (16 KiB): DRAM[0m
[0;32mI (577) heap_init: At 3FFD4BE0 len 0000B420 (45 KiB): DRAM[0m
[0;32mI (583) heap_init: At 3FFE0440 len 00003AE0 (14 KiB): D/IRAM[0m
[0;32mI (590) heap_init: At 3FFE4350 len 0001BCB0 (111 KiB): D/IRAM[0m
[0;32mI (596) heap_init: At 4009EE98 len 00001168 (4 KiB): IRAM[0m
[0;32mI (604) spi_flash: detected chip: generic[0m
[0;32mI (607) spi_flash: flash io: dio[0m
[0;32mI (614) coexist: coex firmware version: 80b0d89[0m
[0;32mI (617) app_start: Starting scheduler on CPU0[0m
[0;32[0;32mI (621) app_start: Starting scheduler on CPU1[0m
mI (621) main_task: Started on CPU0[0m
[0;32mI (631) main_task: Calling app_main()[0m
[0;32mI (771) gpio: GPIO[0]| InputEn: 1| OutputEn: 0| OpenDrain: 0| Pullup: 1| Pulldown: 0| Intr:0 [0m
[0;33mW (771) esp_matter_core: Attribute 0x0000FFFD on cluster 0x0000001D already exists. Not creating again.[0m
[0;33mW (781) esp_matter_core: Attribute 0x0000FFFD on cluster 0x0000001F already exists. Not creating again.[0m
[0;31mE (791) esp_matter_attribute: Could not create attribute, string length out of bound[0m
[0;31mE (801) esp_matter_attribute: Could not create attribute, string length out of bound[0m
[0;33mW (811) esp_matter_core: Attribute 0x00000000 on cluster 0x00000030 already exists. Not creating again.[0m
Guru Meditation Error: Core  0 panic'ed (LoadProhibited). Exception was unhandled.

Core  0 register dump:
PC      : 0x400d7a7f  PS      : 0x00060f30  A0      : 0x800d76ed  A1      : 0x3ffbbb40  
A2      : 0x00000000  A3      : 0x3ffbbbe0  A4      : 0x00000000  A5      : 0x00000000  
A6      : 0x3ffc336c  A7      : 0x3f403662  A8      : 0x800dce7c  A9      : 0x3ffbbb70  
A10     : 0x3ffbda70  A11     : 0x3ffbbbe0  A12     : 0x00000000  A13     : 0x3ffbca18  
A14     : 0x3ffcc0fc  A15     : 0x3ffbd9e4  SAR     : 0x0000001d  EXCCAUSE: 0x0000001c  
EXCVADDR: 0x00000000  LBEG    : 0x4000c46c  LEND    : 0x4000c477  LCOUNT  : 0xffffffff  


Backtrace: 0x400d7a7c:0x3ffbbb40 0x400d76ea:0x3ffbbb70 0x400d7841:0x3ffbbbd0 0x401cb34f:0x3ffbbc50 0x40094e35:0x3ffbbc80




ELF file SHA256: aa82a296b7822b36

Rebooting...
ets Jul 29 2019 12:21:46

rst:0xc (SW_CPU_RESET),boot:0x13 (SPI_FAST_FLASH_BOOT)
configsip: 0, SPIWP:0xee
clk_drv:0x00,q_drv:0x00,d_drv:0x00,cs0_drv:0x00,hd_drv:0x00,wp_drv:0x00
mode:DIO, clock div:2
load:0x3fff0030,len:7080
load:0x40078000,len:15584
load:0x40080400,len:4
ho 8 tail 4 room 4
load:0x40080404,len:3876
entry 0x4008064c
[0;32mI (31) boot: ESP-IDF v5.1.1 2nd stage bootloader[0m
[0;32mI (31) boot: compile time Aug 30 2023 21:06:46[0m
[0;32mI (31) boot: Multicore bootloader[0m
[0;32mI (35) boot: chip revision: v3.0[0m
[0;32mI (39) boot.esp32: SPI Speed      : 40MHz[0m
[0;32mI (44) boot.esp32: SPI Mode       : DIO[0m
[0;32mI (48) boot.esp32: SPI Flash Size : 4MB[0m
[0;32mI (53) boot: Enabling RNG early entropy source...[0m
[0;32mI (58) boot: Partition Table:[0m
[0;32mI (62) boot: ## Label            Usage          Type ST Offset   Length[0m
[0;32mI (69) boot:  0 esp_secure_cert  unknown          3f 06 0000d000 00002000[0m
[0;32mI (76) boot:  1 nvs              WiFi data        01 02 00010000 0000c000[0m
[0;32mI (84) boot:  2 nvs_keys         NVS keys         01 04 0001c000 00001000[0m
[0;32mI (91) boot:  3 otadata          OTA data         01 00 0001d000 00002000[0m
[0;32mI (99) boot:  4 phy_init         RF data          01 01 0001f000 00001000[0m
[0;32mI (106) boot:  5 ota_0            OTA app          00 10 00020000 001e0000[0m
[0;32mI (114) boot:  6 ota_1            OTA app          00 11 00200000 001e0000[0m
[0;32mI (121) boot:  7 fctry            WiFi data        01 02 003e0000 00006000[0m
[0;32mI (129) boot: End of partition table[0m
[0;32mI (133) esp_image: segment 0: paddr=00020020 vaddr=3f400020 size=392a0h (234144) map[0m
[0;32mI (190) esp_image: segment 1: paddr=000592c8 vaddr=3ff80000 size=00004h (     4) load[0m
[0;32mI (190) esp_image: segment 2: paddr=000592d4 vaddr=3ffbdb60 size=056f4h ( 22260) load[0m
[0;32mI (201) esp_image: segment 3: paddr=0005e9d0 vaddr=40080000 size=01648h (  5704) load[0m
[0;32mI (206) esp_image: segment 4: paddr=00060020 vaddr=400d0020 size=fcf8ch (1036172) map[0m
[0;32mI (426) esp_image: segment 5: paddr=0015cfb4 vaddr=40081648 size=1d850h (120912) load[0m
[0;32mI (474) boot: Loaded app from partition at offset 0x20000[0m
[0;32mI (474) boot: Disabling RNG early entropy source...[0m
[0;32mI (485) cpu_start: Multicore app[0m
[0;32mI (486) cpu_start: Pro cpu up.[0m
[0;32mI (486) cpu_start: Starting app cpu, entry point is 0x400814a4[0m
[0;32mI (475) cpu_start: App cpu up.[0m
[0;32mI (506) cpu_start: Pro cpu start user code[0m
[0;32mI (506) cpu_start: cpu freq: 160000000 Hz[0m
[0;32mI (506) cpu_start: Application information:[0m
[0;32mI (511) cpu_start: Project name:     light_relay[0m
[0;32mI (516) cpu_start: App version:      1.0[0m
[0;32mI (520) cpu_start: Compile time:     Aug 30 2023 21:06:40[0m
[0;32mI (527) cpu_start: ELF file SHA256:  aa82a296b7822b36...[0m
[0;32mI (533) cpu_start: ESP-IDF:          v5.1.1[0m
[0;32mI (537) cpu_start: Min chip rev:     v0.0[0m
[0;32mI (542) cpu_start: Max chip rev:     v3.99 [0m
[0;32mI (547) cpu_start: Chip rev:         v3.0[0m
[0;32mI (552) heap_init: Initializing. RAM available for dynamic allocation:[0m
[0;32mI (559) heap_init: At 3FFAFF10 len 000000F0 (0 KiB): DRAM[0m
[0;32mI (565) heap_init: At 3FFB6388 len 00001C78 (7 KiB): DRAM[0m
[0;32mI (571) heap_init: At 3FFB9A20 len 00004108 (16 KiB): DRAM[0m
[0;32mI (577) heap_init: At 3FFD4BE0 len 0000B420 (45 KiB): DRAM[0m
[0;32mI (583) heap_init: At 3FFE0440 len 00003AE0 (14 KiB): D/IRAM[0m
[0;32mI (590) heap_init: At 3FFE4350 len 0001BCB0 (111 KiB): D/IRAM[0m
[0;32mI (596) heap_init: At 4009EE98 len 00001168 (4 KiB): IRAM[0m
[0;32mI (604) spi_flash: detected chip: generic[0m
[0;32mI (607) spi_flash: flash io: dio[0m
[0;32mI (614) coexist: coex firmware version: 80b0d89[0m
[0;32mI (617) app_start: Starting scheduler on CPU0[0m
[0;32[0;32mI (621) app_start: Starting scheduler on CPU1[0m
mI (621) main_task: Started on CPU0[0m
[0;32mI (631) main_task: Calling app_main()[0m
[0;32mI (771) gpio: GPIO[0]| InputEn: 1| OutputEn: 0| OpenDrain: 0| Pullup: 1| Pulldown: 0| Intr:0 [0m
[0;33mW (771) esp_matter_core: Attribute 0x0000FFFD on cluster 0x0000001D already exists. Not creating again.[0m
[0;33mW (781) esp_matter_core: Attribute 0x0000FFFD on cluster 0x0000001F already exists. Not creating again.[0m
[0;31mE (791) esp_matter_attribute: Could not create attribute, string length out of bound[0m
[0;31mE (801) esp_matter_attribute: Could not create attribute, string length out of bound[0m
[0;33mW (811) esp_matter_core: Attribute 0x00000000 on cluster 0x00000030 already exists. Not creating again.[0m
Guru Meditation Error: Core  0 panic'ed (LoadProhibited). Exception was unhandled.

Core  0 register dump:
PC      : 0x400d7a7f  PS      : 0x00060f30  A0      : 0x800d76ed  A1      : 0x3ffbbb40  
A2      : 0x00000000  A3      : 0x3ffbbbe0  A4      : 0x00000000  A5      : 0x00000000  
A6      : 0x3ffc336c  A7      : 0x3f403662  A8      : 0x800dce7c  A9      : 0x3ffbbb70  
A10     : 0x3ffbda70  A11     : 0x3ffbbbe0  A12     : 0x00000000  A13     : 0x3ffbca18  
A14     : 0x3ffcc0fc  A15     : 0x3ffbd9e4  SAR     : 0x0000001d  EXCCAUSE: 0x0000001c  
EXCVADDR: 0x00000000  LBEG    : 0x4000c46c  LEND    : 0x4000c477  LCOUNT  : 0xffffffff  


Backtrace: 0x400d7a7c:0x3ffbbb40 0x400d76ea:0x3ffbbb70 0x400d7841:0x3ffbbbd0 0x401cb34f:0x3ffbbc50 0x40094e35:0x3ffbbc80




ELF file SHA256: aa82a296b7822b36

Rebooting...
ets Jul 29 2019 12:21:46

rst:0xc (SW_CPU_RESET),boot:0x13 (SPI_FAST_FLASH_BOOT)
configsip: 0, SPIWP:0xee
clk_drv:0x00,q_drv:0x00,d_drv:0x00,cs0_drv:0x00,hd_drv:0x00,wp_drv:0x00
mode:DIO, clock div:2
load:0x3fff0030,len:7080
load:0x40078000,len:15584
load:0x40080400,len:4
ho 8 tail 4 room 4
load:0x40080404,len:3876
entry 0x4008064c
[0;32mI (31) boot: ESP-IDF v5.1.1 2nd stage bootloader[0m
[0;32mI (31) boot: compile time Aug 30 2023 21:06:46[0m
[0;32mI (31) boot: Multicore bootloader[0m
[0;32mI (35) boot: chip revision: v3.0[0m
[0;32mI (39) boot.esp32: SPI Speed      : 40MHz[0m
[0;32mI (44) boot.esp32: SPI Mode       : DIO[0m
[0;32mI (48) boot.esp32: SPI Flash Size : 4MB[0m
[0;32mI (53) boot: Enabling RNG early entropy source...[0m
[0;32mI (58) boot: Partition Table:[0m
[0;32mI (62) boot: ## Label            Usage          Type ST Offset   Length[0m
[0;32mI (69) boot:  0 esp_secure_cert  unknown          3f 06 0000d000 00002000[0m
[0;32mI (76) boot:  1 nvs              WiFi data        01 02 00010000 0000c000[0m
[0;32mI (84) boot:  2 nvs_keys         NVS keys         01 04 0001c000 00001000[0m
[0;32mI (91) boot:  3 otadata          OTA data         01 00 0001d000 00002000[0m
[0;32mI (99) boot:  4 phy_init         RF data          01 01 0001f000 00001000[0m
[0;32mI (106) boot:  5 ota_0            OTA app          00 10 00020000 001e0000[0m
[0;32mI (114) boot:  6 ota_1            OTA app          00 11 00200000 001e0000[0m
[0;32mI (121) boot:  7 fctry            WiFi data        01 02 003e0000 00006000[0m
[0;32mI (129) boot: End of partition table[0m
[0;32mI (133) esp_image: segment 0: paddr=00020020 vaddr=3f400020 size=392a0h (234144) map[0m
[0;32mI (190) esp_image: segment 1: paddr=000592c8 vaddr=3ff80000 size=00004h (     4) load[0m
[0;32mI (190) esp_image: segment 2: paddr=000592d4 vaddr=3ffbdb60 size=056f4h ( 22260) load[0m
[0;32mI (201) esp_image: segment 3: paddr=0005e9d0 vaddr=40080000 size=01648h (  5704) load[0m
[0;32mI (206) esp_image: segment 4: paddr=00060020 vaddr=400d0020 size=fcf8ch (1036172) map[0m
[0;32mI (426) esp_image: segment 5: paddr=0015cfb4 vaddr=40081648 size=1d850h (120912) load[0m
[0;32mI (474) boot: Loaded app from partition at offset 0x20000[0m
[0;32mI (474) boot: Disabling RNG early entropy source...[0m
[0;32mI (485) cpu_start: Multicore app[0m
[0;32mI (486) cpu_start: Pro cpu up.[0m
[0;32mI (486) cpu_start: Starting app cpu, entry point is 0x400814a4[0m
[0;32mI (475) cpu_start: App cpu up.[0m
[0;32mI (506) cpu_start: Pro cpu start user code[0m
[0;32mI (506) cpu_start: cpu freq: 160000000 Hz[0m
[0;32mI (506) cpu_start: Application information:[0m
[0;32mI (511) cpu_start: Project name:     light_relay[0m
[0;32mI (516) cpu_start: App version:      1.0[0m
[0;32mI (520) cpu_start: Compile time:     Aug 30 2023 21:06:40[0m
[0;32mI (527) cpu_start: ELF file SHA256:  aa82a296b7822b36...[0m
[0;32mI (533) cpu_start: ESP-IDF:          v5.1.1[0m
[0;32mI (537) cpu_start: Min chip rev:     v0.0[0m
[0;32mI (542) cpu_start: Max chip rev:     v3.99 [0m
[0;32mI (547) cpu_start: Chip rev:         v3.0[0m
[0;32mI (552) heap_init: Initializing. RAM available for dynamic allocation:[0m
[0;32mI (559) heap_init: At 3FFAFF10 len 000000F0 (0 KiB): DRAM[0m
[0;32mI (565) heap_init: At 3FFB6388 len 00001C78 (7 KiB): DRAM[0m
[0;32mI (571) heap_init: At 3FFB9A20 len 00004108 (16 KiB): DRAM[0m
[0;32mI (577) heap_init: At 3FFD4BE0 len 0000B420 (45 KiB): DRAM[0m
[0;32mI (583) heap_init: At 3FFE0440 len 00003AE0 (14 KiB): D/IRAM[0m
[0;32mI (590) heap_init: At 3FFE4350 len 0001BCB0 (111 KiB): D/IRAM[0m
[0;32mI (596) heap_init: At 4009EE98 len 00001168 (4 KiB): IRAM[0m
[0;32mI (604) spi_flash: detected chip: generic[0m
[0;32mI (607) spi_flash: flash io: dio[0m
[0;32mI (614) coexist: coex firmware version: 80b0d89[0m
[0;32mI (617) app_start: Starting scheduler on CPU0[0m
[0;32[0;32mI (621) app_start: Starting scheduler on CPU1[0m
mI (621) main_task: Started on CPU0[0m
[0;32mI (631) main_task: Calling app_main()[0m
[0;32mI (771) gpio: GPIO[0]| InputEn: 1| OutputEn: 0| OpenDrain: 0| Pullup: 1| Pulldown: 0| Intr:0 [0m
[0;33mW (771) esp_matter_core: Attribute 0x0000FFFD on cluster 0x0000001D already exists. Not creating again.[0m
[0;33mW (781) esp_matter_core: Attribute 0x0000FFFD on cluster 0x0000001F already exists. Not creating again.[0m
[0;31mE (791) esp_matter_attribute: Could not create attribute, string length out of bound[0m
[0;31mE (801) esp_matter_attribute: Could not create attribute, string length out of bound[0m
[0;33mW (811) esp_matter_core: Attribute 0x00000000 on cluster 0x00000030 already exists. Not creating again.[0m
Guru Meditation Error: Core  0 panic'ed (LoadProhibited). Exception was unhandled.

Core  0 register dump:
PC      : 0x400d7a7f  PS      : 0x00060f30  A0      : 0x800d76ed  A1      : 0x3ffbbb40  
A2      : 0x00000000  A3      : 0x3ffbbbe0  A4      : 0x00000000  A5      : 0x00000000  
A6      : 0x3ffc336c  A7      : 0x3f403662  A8      : 0x800dce7c  A9      : 0x3ffbbb70  
A10     : 0x3ffbda70  A11     : 0x3ffbbbe0  A12     : 0x00000000  A13     : 0x3ffbca18  
A14     : 0x3ffcc0fc  A15     : 0x3ffbd9e4  SAR     : 0x0000001d  EXCCAUSE: 0x0000001c  
EXCVADDR: 0x00000000  LBEG    : 0x4000c46c  LEND    : 0x4000c477  LCOUNT  : 0xffffffff  


Backtrace: 0x400d7a7c:0x3ffbbb40 0x400d76ea:0x3ffbbb70 0x400d7841:0x3ffbbbd0 0x401cb34f:0x3ffbbc50 0x40094e35:0x3ffbbc80




ELF file SHA256: aa82a296b7822b36

Rebooting...
ets Jul 29 2019 12:21:46

rst:0xc (SW_CPU_RESET),boot:0x13 (SPI_FAST_FLASH_BOOT)
configsip: 0, SPIWP:0xee
clk_drv:0x00,q_drv:0x00,d_drv:0x00,cs0_drv:0x00,hd_drv:0x00,wp_drv:0x00
mode:DIO, clock div:2
load:0x3fff0030,len:7080
load:0x40078000,len:15584
load:0x40080400,len:4
ho 8 tail 4 room 4
load:0x40080404,len:3876
entry 0x4008064c
[0;32mI (31) boot: ESP-IDF v5.1.1 2nd stage bootloader[0m
[0;32mI (31) boot: compile time Aug 30 2023 21:06:46[0m
[0;32mI (31) boot: Multicore bootloader[0m
[0;32mI (35) boot: chip revision: v3.0[0m
[0;32mI (39) boot.esp32: SPI Speed      : 40MHz[0m
[0;32mI (44) boot.esp32: SPI Mode       : DIO[0m
[0;32mI (48) boot.esp32: SPI Flash Size : 4MB[0m
[0;32mI (53) boot: Enabling RNG early entropy source...[0m
[0;32mI (58) boot: Partition Table:[0m
[0;32mI (62) boot: ## Label            Usage          Type ST Offset   Length[0m
[0;32mI (69) boot:  0 esp_secure_cert  unknown          3f 06 0000d000 00002000[0m
[0;32mI (76) boot:  1 nvs              WiFi data        01 02 00010000 0000c000[0m
[0;32mI (84) boot:  2 nvs_keys         NVS keys         01 04 0001c000 00001000[0m
[0;32mI (91) boot:  3 otadata          OTA data         01 00 0001d000 00002000[0m
[0;32mI (99) boot:  4 phy_init         RF data          01 01 0001f000 00001000[0m
[0;32mI (106) boot:  5 ota_0            OTA app          00 10 00020000 001e0000[0m
[0;32mI (114) boot:  6 ota_1            OTA app          00 11 00200000 001e0000[0m
[0;32mI (121) boot:  7 fctry            WiFi data        01 02 003e0000 00006000[0m
[0;32mI (129) boot: End of partition table[0m
[0;32mI (133) esp_image: segment 0: paddr=00020020 vaddr=3f400020 size=392a0h (234144) map[0m
[0;32mI (190) esp_image: segment 1: paddr=000592c8 vaddr=3ff80000 size=00004h (     4) load[0m
[0;32mI (190) esp_image: segment 2: paddr=000592d4 vaddr=3ffbdb60 size=056f4h ( 22260) load[0m
[0;32mI (201) esp_image: segment 3: paddr=0005e9d0 vaddr=40080000 size=01648h (  5704) load[0m
[0;32mI (206) esp_image: segment 4: paddr=00060020 vaddr=400d0020 size=fcf8ch (1036172) map[0m
[0;32mI (426) esp_image: segment 5: paddr=0015cfb4 vaddr=40081648 size=1d850h (120912) load[0m
[0;32mI (474) boot: Loaded app from partition at offset 0x20000[0m
[0;32mI (474) boot: Disabling RNG early entropy source...[0m
[0;32mI (485) cpu_start: Multicore app[0m
[0;32mI (486) cpu_start: Pro cpu up.[0m
[0;32mI (486) cpu_start: Starting app cpu, entry point is 0x400814a4[0m
[0;32mI (475) cpu_start: App cpu up.[0m
[0;32mI (506) cpu_start: Pro cpu start user code[0m
[0;32mI (506) cpu_start: cpu freq: 160000000 Hz[0m
[0;32mI (506) cpu_start: Application information:[0m
[0;32mI (511) cpu_start: Project name:     light_relay[0m
[0;32mI (516) cpu_start: App version:      1.0[0m
[0;32mI (520) cpu_start: Compile time:     Aug 30 2023 21:06:40[0m
[0;32mI (527) cpu_start: ELF file SHA256:  aa82a296b7822b36...[0m
[0;32mI (533) cpu_start: ESP-IDF:          v5.1.1[0m
[0;32mI (537) cpu_start: Min chip rev:     v0.0[0m
[0;32mI (542) cpu_start: Max chip rev:     v3.99 [0m
[0;32mI (547) cpu_start: Chip rev:         v3.0[0m
[0;32mI (552) heap_init: Initializing. RAM available for dynamic allocation:[0m
[0;32mI (559) heap_init: At 3FFAFF10 len 000000F0 (0 KiB): DRAM[0m
[0;32mI (565) heap_init: At 3FFB6388 len 00001C78 (7 KiB): DRAM[0m
[0;32mI (571) heap_init: At 3FFB9A20 len 00004108 (16 KiB): DRAM[0m
[0;32mI (577) heap_init: At 3FFD4BE0 len 0000B420 (45 KiB): DRAM[0m
[0;32mI (583) heap_init: At 3FFE0440 len 00003AE0 (14 KiB): D/IRAM[0m
[0;32mI (590) heap_init: At 3FFE4350 len 0001BCB0 (111 KiB): D/IRAM[0m
[0;32mI (596) heap_init: At 4009EE98 len 00001168 (4 KiB): IRAM[0m
[0;32mI (604) spi_flash: detected chip: generic[0m
[0;32mI (607) spi_flash: flash io: dio[0m
[0;32mI (614) coexist: coex firmware version: 80b0d89[0m
[0;32mI (617) app_start: Starting scheduler on CPU0[0m
[0;32[0;32mI (621) app_start: Starting scheduler on CPU1[0m
mI (621) main_task: Started on CPU0[0m
[0;32mI (631) main_task: Calling app_main()[0m
[0;32mI (771) gpio: GPIO[0]| InputEn: 1| OutputEn: 0| OpenDrain: 0| Pullup: 1| Pulldown: 0| Intr:0 [0m
[0;33mW (771) esp_matter_core: Attribute 0x0000FFFD on cluster 0x0000001D already exists. Not creating again.[0m
[0;33mW (781) esp_matter_core: Attribute 0x0000FFFD on cluster 0x0000001F already exists. Not creating again.[0m
[0;31mE (791) esp_matter_attribute: Could not create attribute, string length out of bound[0m
[0;31mE (801) esp_matter_attribute: Could not create attribute, string length out of bound[0m
[0;33mW (811) esp_matter_core: Attribute 0x00000000 on cluster 0x00000030 already exists. Not creating again.[0m
Guru Meditation Error: Core  0 panic'ed (LoadProhibited). Exception was unhandled.

Core  0 register dump:
PC      : 0x400d7a7f  PS      : 0x00060f30  A0      : 0x800d76ed  A1      : 0x3ffbbb40  
A2      : 0x00000000  A3      : 0x3ffbbbe0  A4      : 0x00000000  A5      : 0x00000000  
A6      : 0x3ffc336c  A7      : 0x3f403662  A8      : 0x800dce7c  A9      : 0x3ffbbb70  
A10     : 0x3ffbda70  A11     : 0x3ffbbbe0  A12     : 0x00000000  A13     : 0x3ffbca18  
A14     : 0x3ffcc0fc  A15     : 0x3ffbd9e4  SAR     : 0x0000001d  EXCCAUSE: 0x0000001c  
EXCVADDR: 0x00000000  LBEG    : 0x4000c46c  LEND    : 0x4000c477  LCOUNT  : 0xffffffff  


Backtrace: 0x400d7a7c:0x3ffbbb40 0x400d76ea:0x3ffbbb70 0x400d7841:0x3ffbbbd0 0x401cb34f:0x3ffbbc50 0x40094e35:0x3ffbbc80




ELF file SHA256: aa82a296b7822b36

Rebooting...
ets Jul 29 2019 12:21:46

rst:0xc (SW_CPU_RESET),boot:0x13 (SPI_FAST_FLASH_BOOT)
configsip: 0, SPIWP:0xee
clk_drv:0x00,q_drv:0x00,d_drv:0x00,cs0_drv:0x00,hd_drv:0x00,wp_drv:0x00
mode:DIO, clock div:2
load:0x3fff0030,len:7080
load:0x40078000,len:15584
load:0x40080400,len:4
ho 8 tail 4 room 4
load:0x40080404,len:3876
entry 0x4008064c
[0;32mI (31) boot: ESP-IDF v5.1.1 2nd stage bootloader[0m
[0;32mI (31) boot: compile time Aug 30 2023 21:06:46[0m
[0;32mI (31) boot: Multicore bootloader[0m
[0;32mI (35) boot: chip revision: v3.0[0m
[0;32mI (39) boot.esp32: SPI Speed      : 40MHz[0m
[0;32mI (44) boot.esp32: SPI Mode       : DIO[0m
[0;32mI (48) boot.esp32: SPI Flash Size : 4MB[0m
[0;32mI (53) boot: Enabling RNG early entropy source...[0m
[0;32mI (58) boot: Partition Table:[0m
[0;32mI (62) boot: ## Label            Usage          Type ST Offset   Length[0m
[0;32mI (69) boot:  0 esp_secure_cert  unknown          3f 06 0000d000 00002000[0m
[0;32mI (76) boot:  1 nvs              WiFi data        01 02 00010000 0000c000[0m
[0;32mI (84) boot:  2 nvs_keys         NVS keys         01 04 0001c000 00001000[0m
[0;32mI (91) boot:  3 otadata          OTA data         01 00 0001d000 00002000[0m
[0;32mI (99) boot:  4 phy_init         RF data          01 01 0001f000 00001000[0m
[0;32mI (106) boot:  5 ota_0            OTA app          00 10 00020000 001e0000[0m
[0;32mI (114) boot:  6 ota_1            OTA app          00 11 00200000 001e0000[0m
[0;32mI (121) boot:  7 fctry            WiFi data        01 02 003e0000 00006000[0m
[0;32mI (129) boot: End of partition table[0m
[0;32mI (133) esp_image: segment 0: paddr=00020020 vaddr=3f400020 size=392a0h (234144) map[0m
[0;32mI (190) esp_image: segment 1: paddr=000592c8 vaddr=3ff80000 size=00004h (     4) load[0m
[0;32mI (190) esp_image: segment 2: paddr=000592d4 vaddr=3ffbdb60 size=056f4h ( 22260) load[0m
[0;32mI (201) esp_image: segment 3: paddr=0005e9d0 vaddr=40080000 size=01648h (  5704) load[0m
[0;32mI (206) esp_image: segment 4: paddr=00060020 vaddr=400d0020 size=fcf8ch (1036172) map[0m
[0;32mI (426) esp_image: segment 5: paddr=0015cfb4 vaddr=40081648 size=1d850h (120912) load[0m
[0;32mI (474) boot: Loaded app from partition at offset 0x20000[0m
[0;32mI (474) boot: Disabling RNG early entropy source...[0m
[0;32mI (485) cpu_start: Multicore app[0m
[0;32mI (486) cpu_start: Pro cpu up.[0m
[0;32mI (486) cpu_start: Starting app cpu, entry point is 0x400814a4[0m
[0;32mI (475) cpu_start: App cpu up.[0m
[0;32mI (506) cpu_start: Pro cpu start user code[0m
[0;32mI (506) cpu_start: cpu freq: 160000000 Hz[0m
[0;32mI (506) cpu_start: Application information:[0m
[0;32mI (511) cpu_start: Project name:     light_relay[0m
[0;32mI (516) cpu_start: App version:      1.0[0m
[0;32mI (520) cpu_start: Compile time:     Aug 30 2023 21:06:40[0m
[0;32mI (527) cpu_start: ELF file SHA256:  aa82a296b7822b36...[0m
[0;32mI (533) cpu_start: ESP-IDF:          v5.1.1[0m
[0;32mI (537) cpu_start: Min chip rev:     v0.0[0m
[0;32mI (542) cpu_start: Max chip rev:     v3.99 [0m
[0;32mI (547) cpu_start: Chip rev:         v3.0[0m
[0;32mI (552) heap_init: Initializing. RAM available for dynamic allocation:[0m
[0;32mI (559) heap_init: At 3FFAFF10 len 000000F0 (0 KiB): DRAM[0m
[0;32mI (565) heap_init: At 3FFB6388 len 00001C78 (7 KiB): DRAM[0m
[0;32mI (571) heap_init: At 3FFB9A20 len 00004108 (16 KiB): DRAM[0m
[0;32mI (577) heap_init: At 3FFD4BE0 len 0000B420 (45 KiB): DRAM[0m
[0;32mI (583) heap_init: At 3FFE0440 len 00003AE0 (14 KiB): D/IRAM[0m
[0;32mI (590) heap_init: At 3FFE4350 len 0001BCB0 (111 KiB): D/IRAM[0m
[0;32mI (596) heap_init: At 4009EE98 len 00001168 (4 KiB): IRAM[0m
[0;32mI (604) spi_flash: detected chip: generic[0m
[0;32mI (607) spi_flash: flash io: dio[0m
